Aug 28 14:31:15 audist-Veriton-M200-H81 rsyslogd:  [origin software="rsyslogd" swVersion="8.32.0" x-pid="711" x-info="http://www.rsyslog.com"] rsyslogd was HUPed
Aug 28 14:31:21 audist-Veriton-M200-H81 anacron[704]: Job `cron.daily' terminated
Aug 28 14:31:33 audist-Veriton-M200-H81 avahi-daemon[706]: Withdrawing address record for fe80::e8e3:c6dd:a5b3:4947 on enp3s0.
Aug 28 14:31:33 audist-Veriton-M200-H81 avahi-daemon[706]: Withdrawing address record for 192.168.100.5 on enp3s0.
Aug 28 14:31:33 audist-Veriton-M200-H81 avahi-daemon[706]: Withdrawing address record for ::1 on lo.
Aug 28 14:31:33 audist-Veriton-M200-H81 avahi-daemon[706]: Host name conflict, retrying with audist-Veriton-M200-H81-29
Aug 28 14:31:33 audist-Veriton-M200-H81 avahi-daemon[706]: Registering new address record for fe80::e8e3:c6dd:a5b3:4947 on enp3s0.*.
Aug 28 14:31:33 audist-Veriton-M200-H81 avahi-daemon[706]: Registering new address record for 192.168.100.5 on enp3s0.IPv4.
Aug 28 14:31:33 audist-Veriton-M200-H81 avahi-daemon[706]: Registering new address record for ::1 on lo.*.
Aug 28 14:31:33 audist-Veriton-M200-H81 avahi-daemon[706]: Registering new address record for 127.0.0.1 on lo.IPv4.
Aug 28 14:31:53 audist-Veriton-M200-H81 avahi-daemon[706]: Withdrawing address record for fe80::e8e3:c6dd:a5b3:4947 on enp3s0.
Aug 28 14:31:53 audist-Veriton-M200-H81 avahi-daemon[706]: Withdrawing address record for 192.168.100.5 on enp3s0.
Aug 28 14:31:53 audist-Veriton-M200-H81 avahi-daemon[706]: Withdrawing address record for ::1 on lo.
Aug 28 14:31:53 audist-Veriton-M200-H81 avahi-daemon[706]: Host name conflict, retrying with audist-Veriton-M200-H81-30
Aug 28 14:31:53 audist-Veriton-M200-H81 avahi-daemon[706]: Registering new address record for fe80::e8e3:c6dd:a5b3:4947 on enp3s0.*.
Aug 28 14:31:53 audist-Veriton-M200-H81 avahi-daemon[706]: Registering new address record for 192.168.100.5 on enp3s0.IPv4.
Aug 28 14:31:53 audist-Veriton-M200-H81 avahi-daemon[706]: Registering new address record for ::1 on lo.*.
Aug 28 14:31:53 audist-Veriton-M200-H81 avahi-daemon[706]: Registering new address record for 127.0.0.1 on lo.IPv4.
Aug 28 14:32:13 audist-Veriton-M200-H81 avahi-daemon[706]: Withdrawing address record for fe80::e8e3:c6dd:a5b3:4947 on enp3s0.
Aug 28 14:32:13 audist-Veriton-M200-H81 avahi-daemon[706]: Withdrawing address record for 192.168.100.5 on enp3s0.
Aug 28 14:32:13 audist-Veriton-M200-H81 avahi-daemon[706]: Withdrawing address record for ::1 on lo.
Aug 28 14:32:13 audist-Veriton-M200-H81 avahi-daemon[706]: Host name conflict, retrying with audist-Veriton-M200-H81-31
Aug 28 14:32:13 audist-Veriton-M200-H81 avahi-daemon[706]: Registering new address record for fe80::e8e3:c6dd:a5b3:4947 on enp3s0.*.
Aug 28 14:32:13 audist-Veriton-M200-H81 avahi-daemon[706]: Registering new address record for 192.168.100.5 on enp3s0.IPv4.
Aug 28 14:32:13 audist-Veriton-M200-H81 avahi-daemon[706]: Registering new address record for ::1 on lo.*.
Aug 28 14:32:13 audist-Veriton-M200-H81 avahi-daemon[706]: Registering new address record for 127.0.0.1 on lo.IPv4.
Aug 28 14:32:33 audist-Veriton-M200-H81 avahi-daemon[706]: Withdrawing address record for fe80::e8e3:c6dd:a5b3:4947 on enp3s0.
Aug 28 14:32:33 audist-Veriton-M200-H81 avahi-daemon[706]: Withdrawing address record for 192.168.100.5 on enp3s0.
Aug 28 14:32:33 audist-Veriton-M200-H81 avahi-daemon[706]: Withdrawing address record for ::1 on lo.
Aug 28 14:32:33 audist-Veriton-M200-H81 avahi-daemon[706]: Host name conflict, retrying with audist-Veriton-M200-H81-32
Aug 28 14:32:33 audist-Veriton-M200-H81 avahi-daemon[706]: Registering new address record for fe80::e8e3:c6dd:a5b3:4947 on enp3s0.*.
Aug 28 14:32:33 audist-Veriton-M200-H81 avahi-daemon[706]: Registering new address record for 192.168.100.5 on enp3s0.IPv4.
Aug 28 14:32:33 audist-Veriton-M200-H81 avahi-daemon[706]: Registering new address record for ::1 on lo.*.
Aug 28 14:32:33 audist-Veriton-M200-H81 avahi-daemon[706]: Registering new address record for 127.0.0.1 on lo.IPv4.
Aug 28 14:32:53 audist-Veriton-M200-H81 avahi-daemon[706]: Withdrawing address record for fe80::e8e3:c6dd:a5b3:4947 on enp3s0.
Aug 28 14:32:53 audist-Veriton-M200-H81 avahi-daemon[706]: Withdrawing address record for 192.168.100.5 on enp3s0.
Aug 28 14:32:53 audist-Veriton-M200-H81 avahi-daemon[706]: Withdrawing address record for ::1 on lo.
Aug 28 14:32:53 audist-Veriton-M200-H81 avahi-daemon[706]: Host name conflict, retrying with audist-Veriton-M200-H81-33
Aug 28 14:32:53 audist-Veriton-M200-H81 avahi-daemon[706]: Registering new address record for fe80::e8e3:c6dd:a5b3:4947 on enp3s0.*.
Aug 28 14:32:53 audist-Veriton-M200-H81 avahi-daemon[706]: Registering new address record for 192.168.100.5 on enp3s0.IPv4.
Aug 28 14:32:53 audist-Veriton-M200-H81 avahi-daemon[706]: Registering new address record for ::1 on lo.*.
Aug 28 14:32:53 audist-Veriton-M200-H81 avahi-daemon[706]: Registering new address record for 127.0.0.1 on lo.IPv4.
Aug 28 14:33:13 audist-Veriton-M200-H81 avahi-daemon[706]: Withdrawing address record for fe80::e8e3:c6dd:a5b3:4947 on enp3s0.
Aug 28 14:33:13 audist-Veriton-M200-H81 avahi-daemon[706]: Withdrawing address record for 192.168.100.5 on enp3s0.
Aug 28 14:33:13 audist-Veriton-M200-H81 avahi-daemon[706]: Withdrawing address record for ::1 on lo.
Aug 28 14:33:13 audist-Veriton-M200-H81 avahi-daemon[706]: Host name conflict, retrying with audist-Veriton-M200-H81-34
Aug 28 14:33:13 audist-Veriton-M200-H81 avahi-daemon[706]: Registering new address record for fe80::e8e3:c6dd:a5b3:4947 on enp3s0.*.
Aug 28 14:33:13 audist-Veriton-M200-H81 avahi-daemon[706]: Registering new address record for 192.168.100.5 on enp3s0.IPv4.
Aug 28 14:33:13 audist-Veriton-M200-H81 avahi-daemon[706]: Registering new address record for ::1 on lo.*.
Aug 28 14:33:13 audist-Veriton-M200-H81 avahi-daemon[706]: Registering new address record for 127.0.0.1 on lo.IPv4.
Aug 28 14:33:33 audist-Veriton-M200-H81 avahi-daemon[706]: Withdrawing address record for fe80::e8e3:c6dd:a5b3:4947 on enp3s0.
Aug 28 14:33:33 audist-Veriton-M200-H81 avahi-daemon[706]: Withdrawing address record for 192.168.100.5 on enp3s0.
Aug 28 14:33:33 audist-Veriton-M200-H81 avahi-daemon[706]: Withdrawing address record for ::1 on lo.
Aug 28 14:33:33 audist-Veriton-M200-H81 avahi-daemon[706]: Host name conflict, retrying with audist-Veriton-M200-H81-35
Aug 28 14:33:33 audist-Veriton-M200-H81 avahi-daemon[706]: Registering new address record for fe80::e8e3:c6dd:a5b3:4947 on enp3s0.*.
Aug 28 14:33:33 audist-Veriton-M200-H81 avahi-daemon[706]: Registering new address record for 192.168.100.5 on enp3s0.IPv4.
Aug 28 14:33:33 audist-Veriton-M200-H81 avahi-daemon[706]: Registering new address record for ::1 on lo.*.
Aug 28 14:33:33 audist-Veriton-M200-H81 avahi-daemon[706]: Registering new address record for 127.0.0.1 on lo.IPv4.
Aug 28 14:33:53 audist-Veriton-M200-H81 avahi-daemon[706]: Withdrawing address record for fe80::e8e3:c6dd:a5b3:4947 on enp3s0.
Aug 28 14:33:53 audist-Veriton-M200-H81 avahi-daemon[706]: Withdrawing address record for 192.168.100.5 on enp3s0.
Aug 28 14:33:53 audist-Veriton-M200-H81 avahi-daemon[706]: Withdrawing address record for ::1 on lo.
Aug 28 14:33:53 audist-Veriton-M200-H81 avahi-daemon[706]: Host name conflict, retrying with audist-Veriton-M200-H81-36
Aug 28 14:33:53 audist-Veriton-M200-H81 avahi-daemon[706]: Registering new address record for fe80::e8e3:c6dd:a5b3:4947 on enp3s0.*.
Aug 28 14:33:53 audist-Veriton-M200-H81 avahi-daemon[706]: Registering new address record for 192.168.100.5 on enp3s0.IPv4.
Aug 28 14:33:53 audist-Veriton-M200-H81 avahi-daemon[706]: Registering new address record for ::1 on lo.*.
Aug 28 14:33:53 audist-Veriton-M200-H81 avahi-daemon[706]: Registering new address record for 127.0.0.1 on lo.IPv4.
Aug 28 14:34:13 audist-Veriton-M200-H81 avahi-daemon[706]: Withdrawing address record for fe80::e8e3:c6dd:a5b3:4947 on enp3s0.
Aug 28 14:34:13 audist-Veriton-M200-H81 avahi-daemon[706]: Withdrawing address record for 192.168.100.5 on enp3s0.
Aug 28 14:34:13 audist-Veriton-M200-H81 avahi-daemon[706]: Withdrawing address record for ::1 on lo.
Aug 28 14:34:13 audist-Veriton-M200-H81 avahi-daemon[706]: Host name conflict, retrying with audist-Veriton-M200-H81-37
Aug 28 14:34:13 audist-Veriton-M200-H81 avahi-daemon[706]: Registering new address record for fe80::e8e3:c6dd:a5b3:4947 on enp3s0.*.
Aug 28 14:34:13 audist-Veriton-M200-H81 avahi-daemon[706]: Registering new address record for 192.168.100.5 on enp3s0.IPv4.
Aug 28 14:34:13 audist-Veriton-M200-H81 avahi-daemon[706]: Registering new address record for ::1 on lo.*.
Aug 28 14:34:13 audist-Veriton-M200-H81 avahi-daemon[706]: Registering new address record for 127.0.0.1 on lo.IPv4.
Aug 28 14:34:33 audist-Veriton-M200-H81 avahi-daemon[706]: Withdrawing address record for fe80::e8e3:c6dd:a5b3:4947 on enp3s0.
Aug 28 14:34:33 audist-Veriton-M200-H81 avahi-daemon[706]: Withdrawing address record for 192.168.100.5 on enp3s0.
Aug 28 14:34:33 audist-Veriton-M200-H81 avahi-daemon[706]: Withdrawing address record for ::1 on lo.
Aug 28 14:34:33 audist-Veriton-M200-H81 avahi-daemon[706]: Host name conflict, retrying with audist-Veriton-M200-H81-38
Aug 28 14:34:33 audist-Veriton-M200-H81 avahi-daemon[706]: Registering new address record for fe80::e8e3:c6dd:a5b3:4947 on enp3s0.*.
Aug 28 14:34:33 audist-Veriton-M200-H81 avahi-daemon[706]: Registering new address record for 192.168.100.5 on enp3s0.IPv4.
Aug 28 14:34:33 audist-Veriton-M200-H81 avahi-daemon[706]: Registering new address record for ::1 on lo.*.
Aug 28 14:34:33 audist-Veriton-M200-H81 avahi-daemon[706]: Registering new address record for 127.0.0.1 on lo.IPv4.
Aug 28 14:34:42 audist-Veriton-M200-H81 ubuntu-report[1476]: level=error msg="data were not delivered successfully to metrics server, retrying in 480s"
Aug 28 14:34:53 audist-Veriton-M200-H81 avahi-daemon[706]: Withdrawing address record for fe80::e8e3:c6dd:a5b3:4947 on enp3s0.
Aug 28 14:34:53 audist-Veriton-M200-H81 avahi-daemon[706]: Withdrawing address record for 192.168.100.5 on enp3s0.
Aug 28 14:34:53 audist-Veriton-M200-H81 avahi-daemon[706]: Withdrawing address record for ::1 on lo.
Aug 28 14:34:53 audist-Veriton-M200-H81 avahi-daemon[706]: Host name conflict, retrying with audist-Veriton-M200-H81-39
Aug 28 14:34:53 audist-Veriton-M200-H81 avahi-daemon[706]: Registering new address record for fe80::e8e3:c6dd:a5b3:4947 on enp3s0.*.
Aug 28 14:34:53 audist-Veriton-M200-H81 avahi-daemon[706]: Registering new address record for 192.168.100.5 on enp3s0.IPv4.
Aug 28 14:34:53 audist-Veriton-M200-H81 avahi-daemon[706]: Registering new address record for ::1 on lo.*.
Aug 28 14:34:53 audist-Veriton-M200-H81 avahi-daemon[706]: Registering new address record for 127.0.0.1 on lo.IPv4.
Aug 28 14:35:13 audist-Veriton-M200-H81 avahi-daemon[706]: Withdrawing address record for fe80::e8e3:c6dd:a5b3:4947 on enp3s0.
Aug 28 14:35:13 audist-Veriton-M200-H81 avahi-daemon[706]: Withdrawing address record for 192.168.100.5 on enp3s0.
Aug 28 14:35:13 audist-Veriton-M200-H81 avahi-daemon[706]: Withdrawing address record for ::1 on lo.
Aug 28 14:35:13 audist-Veriton-M200-H81 avahi-daemon[706]: Host name conflict, retrying with audist-Veriton-M200-H81-40
Aug 28 14:35:13 audist-Veriton-M200-H81 avahi-daemon[706]: Registering new address record for fe80::e8e3:c6dd:a5b3:4947 on enp3s0.*.
Aug 28 14:35:13 audist-Veriton-M200-H81 avahi-daemon[706]: Registering new address record for 192.168.100.5 on enp3s0.IPv4.
Aug 28 14:35:13 audist-Veriton-M200-H81 avahi-daemon[706]: Registering new address record for ::1 on lo.*.
Aug 28 14:35:13 audist-Veriton-M200-H81 avahi-daemon[706]: Registering new address record for 127.0.0.1 on lo.IPv4.
Aug 28 14:35:33 audist-Veriton-M200-H81 avahi-daemon[706]: Withdrawing address record for fe80::e8e3:c6dd:a5b3:4947 on enp3s0.
Aug 28 14:35:33 audist-Veriton-M200-H81 avahi-daemon[706]: Withdrawing address record for 192.168.100.5 on enp3s0.
Aug 28 14:35:33 audist-Veriton-M200-H81 avahi-daemon[706]: Withdrawing address record for ::1 on lo.
Aug 28 14:35:33 audist-Veriton-M200-H81 avahi-daemon[706]: Host name conflict, retrying with audist-Veriton-M200-H81-41
Aug 28 14:35:33 audist-Veriton-M200-H81 avahi-daemon[706]: Registering new address record for fe80::e8e3:c6dd:a5b3:4947 on enp3s0.*.
Aug 28 14:35:33 audist-Veriton-M200-H81 avahi-daemon[706]: Registering new address record for 192.168.100.5 on enp3s0.IPv4.
Aug 28 14:35:33 audist-Veriton-M200-H81 avahi-daemon[706]: Registering new address record for ::1 on lo.*.
Aug 28 14:35:33 audist-Veriton-M200-H81 avahi-daemon[706]: Registering new address record for 127.0.0.1 on lo.IPv4.
Aug 28 14:36:14 audist-Veriton-M200-H81 anacron[704]: Job `cron.weekly' started
Aug 28 14:36:14 audist-Veriton-M200-H81 anacron[2351]: Updated timestamp for job `cron.weekly' to 2019-08-28
Aug 28 14:36:16 audist-Veriton-M200-H81 anacron[704]: Job `cron.weekly' terminated
Aug 28 14:36:16 audist-Veriton-M200-H81 anacron[704]: Normal exit (2 jobs run)
Aug 28 14:36:34 audist-Veriton-M200-H81 avahi-daemon[706]: Server startup complete. Host name is audist-Veriton-M200-H81-41.local. Local service cookie is 2985129981.
Aug 28 14:37:57 audist-Veriton-M200-H81 systemd[1]: Starting Message of the Day...
Aug 28 14:37:57 audist-Veriton-M200-H81 systemd[1]: Started Message of the Day.
Aug 28 14:38:08 audist-Veriton-M200-H81 dbus-daemon[726]: [system] Activating via systemd: service name='org.freedesktop.hostname1' unit='dbus-org.freedesktop.hostname1.service' requested by ':1.115' (uid=1004 pid=2327 comm="gedit /home/user2/Desktop/2018115010/queuemain.cpp" label="unconfined")
Aug 28 14:38:08 audist-Veriton-M200-H81 systemd[1]: Starting Hostname Service...
Aug 28 14:38:08 audist-Veriton-M200-H81 dbus-daemon[726]: [system] Successfully activated service 'org.freedesktop.hostname1'
Aug 28 14:38:08 audist-Veriton-M200-H81 systemd[1]: Started Hostname Service.
Aug 28 14:38:09 audist-Veriton-M200-H81 gvfsd[1630]: mkdir failed on directory /var/cache/samba: Permission denied
Aug 28 14:38:17 audist-Veriton-M200-H81 gvfsd[1630]: message repeated 17 times: [ mkdir failed on directory /var/cache/samba: Permission denied]
Aug 28 14:41:07 audist-Veriton-M200-H81 systemd[1]: Starting Cleanup of Temporary Directories...
Aug 28 14:41:07 audist-Veriton-M200-H81 systemd[1]: Started Cleanup of Temporary Directories.
Aug 28 14:42:44 audist-Veriton-M200-H81 ubuntu-report[1476]: level=error msg="data were not delivered successfully to metrics server, retrying in 960s"
Aug 28 14:58:45 audist-Veriton-M200-H81 ubuntu-report[1476]: level=error msg="data were not delivered successfully to metrics server, retrying in 1800s"
Aug 28 15:02:50 audist-Veriton-M200-H81 systemd[1]: Started Run anacron jobs.
Aug 28 15:02:50 audist-Veriton-M200-H81 anacron[2446]: Anacron 2.3 started on 2019-08-28
Aug 28 15:02:50 audist-Veriton-M200-H81 anacron[2446]: Normal exit (0 jobs run)
Aug 28 15:08:02 audist-Veriton-M200-H81 update-notifier.desktop[2099]: /usr/lib/ubuntu-release-upgrader/check-new-release-gtk:30: PyGIWarning: Gtk was imported without specifying a version first. Use gi.require_version('Gtk', '3.0') before import to ensure that the right version gets loaded.
Aug 28 15:08:02 audist-Veriton-M200-H81 update-notifier.desktop[2099]:   from gi.repository import Gtk
Aug 28 15:08:02 audist-Veriton-M200-H81 update-notifier.desktop[2099]: WARNING:root:timeout reached, exiting
Aug 28 15:08:02 audist-Veriton-M200-H81 update-notifier.desktop[2099]: Failed to connect to https://changelogs.ubuntu.com/meta-release-lts. Check your Internet connection or proxy settings
Aug 28 15:17:01 audist-Veriton-M200-H81 CRON[2469]: (root) CMD (   cd / && run-parts --report /etc/cron.hourly)
Aug 28 15:26:48 audist-Veriton-M200-H81 snapd[756]: autorefresh.go:376: Cannot prepare auto-refresh change: cannot refresh snap-declaration for "gnome-3-26-1604": Get https://api.snapcraft.io/api/v1/snaps/assertions/snap-declaration/16/NmbO4ZEgTCbugdJuIMrIio0LXczdU5WN?max-format=3: dial tcp: lookup api.snapcraft.io on 127.0.0.53:53: server misbehaving
Aug 28 15:27:10 audist-Veriton-M200-H81 snapd[756]: stateengine.go:102: state ensure error: cannot refresh snap-declaration for "gnome-3-26-1604": Get https://api.snapcraft.io/api/v1/snaps/assertions/snap-declaration/16/NmbO4ZEgTCbugdJuIMrIio0LXczdU5WN?max-format=3: dial tcp: lookup api.snapcraft.io on 127.0.0.53:53: server misbehaving
Aug 28 15:28:55 audist-Veriton-M200-H81 ubuntu-report[1476]: level=error msg="data were not delivered successfully to metrics server, retrying in 1800s"
Aug 28 15:36:52 audist-Veriton-M200-H81 snapd[756]: autorefresh.go:376: Cannot prepare auto-refresh change: cannot refresh snap-declaration for "gnome-logs": Get https://api.snapcraft.io/api/v1/snaps/assertions/snap-declaration/16/kIMfmZTJspWa8vtfbgU3W9Nbv4V5Qgmh?max-format=3: dial tcp: lookup api.snapcraft.io on 127.0.0.53:53: server misbehaving
Aug 28 15:36:52 audist-Veriton-M200-H81 snapd[756]: stateengine.go:102: state ensure error: cannot refresh snap-declaration for "gnome-logs": Get https://api.snapcraft.io/api/v1/snaps/assertions/snap-declaration/16/kIMfmZTJspWa8vtfbgU3W9Nbv4V5Qgmh?max-format=3: dial tcp: lookup api.snapcraft.io on 127.0.0.53:53: server misbehaving
Aug 28 15:51:47 audist-Veriton-M200-H81 snapd[756]: autorefresh.go:376: Cannot prepare auto-refresh change: cannot refresh snap-declaration for "gnome-characters": Get https://api.snapcraft.io/api/v1/snaps/assertions/snap-declaration/16/qJcS3UjpF9AMJKWAiKwA5EWbm0y6Uduw?max-format=3: dial tcp: lookup api.snapcraft.io on 127.0.0.53:53: server misbehaving
Aug 28 15:51:47 audist-Veriton-M200-H81 snapd[756]: stateengine.go:102: state ensure error: cannot refresh snap-declaration for "gnome-characters": Get https://api.snapcraft.io/api/v1/snaps/assertions/snap-declaration/16/qJcS3UjpF9AMJKWAiKwA5EWbm0y6Uduw?max-format=3: dial tcp: lookup api.snapcraft.io on 127.0.0.53:53: server misbehaving
Aug 28 15:59:05 audist-Veriton-M200-H81 ubuntu-report[1476]: level=error msg="data were not delivered successfully to metrics server, retrying in 1800s"
Aug 28 16:02:41 audist-Veriton-M200-H81 snapd[756]: autorefresh.go:376: Cannot prepare auto-refresh change: cannot refresh snap-declaration for "gnome-characters": Get https://api.snapcraft.io/api/v1/snaps/assertions/snap-declaration/16/qJcS3UjpF9AMJKWAiKwA5EWbm0y6Uduw?max-format=3: dial tcp: lookup api.snapcraft.io on 127.0.0.53:53: server misbehaving
Aug 28 16:02:41 audist-Veriton-M200-H81 snapd[756]: stateengine.go:102: state ensure error: cannot refresh snap-declaration for "gnome-characters": Get https://api.snapcraft.io/api/v1/snaps/assertions/snap-declaration/16/qJcS3UjpF9AMJKWAiKwA5EWbm0y6Uduw?max-format=3: dial tcp: lookup api.snapcraft.io on 127.0.0.53:53: server misbehaving
Aug 28 16:02:53 audist-Veriton-M200-H81 systemd[1]: Started Run anacron jobs.
Aug 28 16:02:53 audist-Veriton-M200-H81 anacron[2508]: Anacron 2.3 started on 2019-08-28
Aug 28 16:02:53 audist-Veriton-M200-H81 anacron[2508]: Normal exit (0 jobs run)
Aug 28 16:09:25 audist-Veriton-M200-H81 dbus-daemon[1497]: [session uid=1004 pid=1497] Activating via systemd: service name='org.gnome.Terminal' unit='gnome-terminal-server.service' requested by ':1.87' (uid=1004 pid=2522 comm="/usr/bin/gnome-terminal.real " label="unconfined")
Aug 28 16:09:25 audist-Veriton-M200-H81 systemd[1464]: Starting GNOME Terminal Server...
Aug 28 16:09:25 audist-Veriton-M200-H81 dbus-daemon[1497]: [session uid=1004 pid=1497] Successfully activated service 'org.gnome.Terminal'
Aug 28 16:09:25 audist-Veriton-M200-H81 systemd[1464]: Started GNOME Terminal Server.
Aug 28 16:14:04 audist-Veriton-M200-H81 snapd[756]: autorefresh.go:376: Cannot prepare auto-refresh change: cannot refresh snap-declaration for "gnome-3-26-1604": Get https://api.snapcraft.io/api/v1/snaps/assertions/snap-declaration/16/NmbO4ZEgTCbugdJuIMrIio0LXczdU5WN?max-format=3: dial tcp: lookup api.snapcraft.io on 127.0.0.53:53: server misbehaving
Aug 28 16:14:04 audist-Veriton-M200-H81 snapd[756]: stateengine.go:102: state ensure error: cannot refresh snap-declaration for "gnome-3-26-1604": Get https://api.snapcraft.io/api/v1/snaps/assertions/snap-declaration/16/NmbO4ZEgTCbugdJuIMrIio0LXczdU5WN?max-format=3: dial tcp: lookup api.snapcraft.io on 127.0.0.53:53: server misbehaving
Aug 28 16:17:01 audist-Veriton-M200-H81 CRON[2566]: (root) CMD (   cd / && run-parts --report /etc/cron.hourly)
Aug 28 16:25:24 audist-Veriton-M200-H81 dbus-daemon[1497]: [session uid=1004 pid=1497] Activating via systemd: service name='org.gnome.Terminal' unit='gnome-terminal-server.service' requested by ':1.89' (uid=1004 pid=2611 comm="/usr/bin/gnome-terminal.real " label="unconfined")
Aug 28 16:25:24 audist-Veriton-M200-H81 systemd[1464]: Starting GNOME Terminal Server...
Aug 28 16:25:24 audist-Veriton-M200-H81 dbus-daemon[1497]: [session uid=1004 pid=1497] Successfully activated service 'org.gnome.Terminal'
Aug 28 16:25:24 audist-Veriton-M200-H81 systemd[1464]: Started GNOME Terminal Server.
Aug 28 16:26:49 audist-Veriton-M200-H81 snapd[756]: autorefresh.go:376: Cannot prepare auto-refresh change: cannot refresh snap-declaration for "core": Get https://api.snapcraft.io/api/v1/snaps/assertions/snap-declaration/16/99T7MUlRhtI3U0QFgl5mXXESAiSwt776?max-format=3: dial tcp: lookup api.snapcraft.io on 127.0.0.53:53: server misbehaving
Aug 28 16:26:49 audist-Veriton-M200-H81 snapd[756]: stateengine.go:102: state ensure error: cannot refresh snap-declaration for "core": Get https://api.snapcraft.io/api/v1/snaps/assertions/snap-declaration/16/99T7MUlRhtI3U0QFgl5mXXESAiSwt776?max-format=3: dial tcp: lookup api.snapcraft.io on 127.0.0.53:53: server misbehaving
Aug 28 16:29:15 audist-Veriton-M200-H81 ubuntu-report[1476]: level=error msg="data were not delivered successfully to metrics server, retrying in 1800s"
Aug 28 16:36:49 audist-Veriton-M200-H81 snapd[756]: autorefresh.go:376: Cannot prepare auto-refresh change: cannot refresh snap-declaration for "core": Get https://api.snapcraft.io/api/v1/snaps/assertions/snap-declaration/16/99T7MUlRhtI3U0QFgl5mXXESAiSwt776?max-format=3: dial tcp: lookup api.snapcraft.io on 127.0.0.53:53: server misbehaving
Aug 28 16:36:49 audist-Veriton-M200-H81 snapd[756]: stateengine.go:102: state ensure error: cannot refresh snap-declaration for "core": Get https://api.snapcraft.io/api/v1/snaps/assertions/snap-declaration/16/99T7MUlRhtI3U0QFgl5mXXESAiSwt776?max-format=3: dial tcp: lookup api.snapcraft.io on 127.0.0.53:53: server misbehaving
Aug 28 16:47:09 audist-Veriton-M200-H81 kernel: [ 8468.863930] show_signal_msg: 27 callbacks suppressed
Aug 28 16:47:09 audist-Veriton-M200-H81 kernel: [ 8468.863932] splay[2709]: segfault at 10 ip 00005604362e6d7e sp 00007ffe99b52d60 error 6 in splay[5604362e6000+2000]
Aug 28 16:47:09 audist-Veriton-M200-H81 kernel: [ 8468.863935] Code: ff ff 90 c9 c3 55 48 89 e5 be ff ff 00 00 bf 01 00 00 00 e8 a4 ff ff ff 5d c3 55 48 89 e5 48 89 7d f8 48 8b 45 f8 48 8b 40 08 <48> c7 40 10 00 00 00 00 48 8b 55 f8 48 8b 52 08 48 8b 40 10 48 89 
Aug 28 16:47:31 audist-Veriton-M200-H81 snapd[756]: autorefresh.go:376: Cannot prepare auto-refresh change: cannot refresh snap-declaration for "gnome-3-26-1604": Get https://api.snapcraft.io/api/v1/snaps/assertions/snap-declaration/16/NmbO4ZEgTCbugdJuIMrIio0LXczdU5WN?max-format=3: dial tcp: lookup api.snapcraft.io on 127.0.0.53:53: server misbehaving
Aug 28 16:47:31 audist-Veriton-M200-H81 snapd[756]: stateengine.go:102: state ensure error: cannot refresh snap-declaration for "gnome-3-26-1604": Get https://api.snapcraft.io/api/v1/snaps/assertions/snap-declaration/16/NmbO4ZEgTCbugdJuIMrIio0LXczdU5WN?max-format=3: dial tcp: lookup api.snapcraft.io on 127.0.0.53:53: server misbehaving
Aug 28 16:47:54 audist-Veriton-M200-H81 kernel: [ 8514.239980] splayyy[2718]: segfault at 10 ip 000055e8a281cd7e sp 00007ffe46fa5640 error 6 in splayyy[55e8a281c000+2000]
Aug 28 16:47:54 audist-Veriton-M200-H81 kernel: [ 8514.239983] Code: ff ff 90 c9 c3 55 48 89 e5 be ff ff 00 00 bf 01 00 00 00 e8 a4 ff ff ff 5d c3 55 48 89 e5 48 89 7d f8 48 8b 45 f8 48 8b 40 08 <48> c7 40 10 00 00 00 00 48 8b 55 f8 48 8b 52 08 48 8b 40 10 48 89 
Aug 28 16:54:48 audist-Veriton-M200-H81 gnome-software[2096]: no app for changed ubuntu-dock@ubuntu.com
Aug 28 16:54:48 audist-Veriton-M200-H81 gnome-software[2096]: no app for changed ubuntu-appindicators@ubuntu.com
Aug 28 16:59:25 audist-Veriton-M200-H81 ubuntu-report[1476]: level=error msg="data were not delivered successfully to metrics server, retrying in 1800s"
Aug 28 17:01:49 audist-Veriton-M200-H81 snapd[756]: autorefresh.go:376: Cannot prepare auto-refresh change: cannot refresh snap-declaration for "gnome-3-26-1604": Get https://api.snapcraft.io/api/v1/snaps/assertions/snap-declaration/16/NmbO4ZEgTCbugdJuIMrIio0LXczdU5WN?max-format=3: dial tcp: lookup api.snapcraft.io on 127.0.0.53:53: server misbehaving
Aug 28 17:01:49 audist-Veriton-M200-H81 snapd[756]: stateengine.go:102: state ensure error: cannot refresh snap-declaration for "gnome-3-26-1604": Get https://api.snapcraft.io/api/v1/snaps/assertions/snap-declaration/16/NmbO4ZEgTCbugdJuIMrIio0LXczdU5WN?max-format=3: dial tcp: lookup api.snapcraft.io on 127.0.0.53:53: server misbehaving
Aug 28 17:03:57 audist-Veriton-M200-H81 systemd[1]: Started Run anacron jobs.
Aug 28 17:03:57 audist-Veriton-M200-H81 anacron[2731]: Anacron 2.3 started on 2019-08-28
Aug 28 17:03:57 audist-Veriton-M200-H81 anacron[2731]: Normal exit (0 jobs run)
Aug 28 17:06:45 audist-Veriton-M200-H81 gnome-software[2096]: no app for changed ubuntu-dock@ubuntu.com
Aug 28 17:06:45 audist-Veriton-M200-H81 gnome-software[2096]: no app for changed ubuntu-appindicators@ubuntu.com
Aug 28 17:06:45 audist-Veriton-M200-H81 gvfsd-metadata[1969]: g_udev_device_has_property: assertion 'G_UDEV_IS_DEVICE (device)' failed
Aug 28 17:07:17 audist-Veriton-M200-H81 kernel: [ 9676.865314] splay.o[2757]: segfault at 10 ip 00005650205b8d7e sp 00007ffec88880a0 error 6 in splay.o[5650205b8000+2000]
Aug 28 17:07:17 audist-Veriton-M200-H81 kernel: [ 9676.865317] Code: ff ff 90 c9 c3 55 48 89 e5 be ff ff 00 00 bf 01 00 00 00 e8 a4 ff ff ff 5d c3 55 48 89 e5 48 89 7d f8 48 8b 45 f8 48 8b 40 08 <48> c7 40 10 00 00 00 00 48 8b 55 f8 48 8b 52 08 48 8b 40 10 48 89 
Aug 28 17:06:45 audist-Veriton-M200-H81 gvfsd-metadata[1969]: g_udev_device_has_property: assertion 'G_UDEV_IS_DEVICE (device)' failed
Aug 28 17:12:57 audist-Veriton-M200-H81 gnome-software[2096]: no app for changed ubuntu-appindicators@ubuntu.com
Aug 28 17:12:57 audist-Veriton-M200-H81 gnome-software[2096]: no app for changed ubuntu-dock@ubuntu.com
Aug 28 17:16:49 audist-Veriton-M200-H81 snapd[756]: autorefresh.go:376: Cannot prepare auto-refresh change: cannot refresh snap-declaration for "gnome-calculator": Get https://api.snapcraft.io/api/v1/snaps/assertions/snap-declaration/16/J8OcDPQ0JM8dbvk29HRqpWVI9kBw0atG?max-format=3: dial tcp: lookup api.snapcraft.io on 127.0.0.53:53: server misbehaving
Aug 28 17:16:49 audist-Veriton-M200-H81 snapd[756]: stateengine.go:102: state ensure error: cannot refresh snap-declaration for "gnome-calculator": Get https://api.snapcraft.io/api/v1/snaps/assertions/snap-declaration/16/J8OcDPQ0JM8dbvk29HRqpWVI9kBw0atG?max-format=3: dial tcp: lookup api.snapcraft.io on 127.0.0.53:53: server misbehaving
Aug 28 17:17:01 audist-Veriton-M200-H81 CRON[2767]: (root) CMD (   cd / && run-parts --report /etc/cron.hourly)
Aug 28 17:29:35 audist-Veriton-M200-H81 ubuntu-report[1476]: level=error msg="data were not delivered successfully to metrics server, retrying in 1800s"
Aug 28 17:29:39 audist-Veriton-M200-H81 gnome-software[2096]: no app for changed ubuntu-dock@ubuntu.com
Aug 28 17:29:39 audist-Veriton-M200-H81 gnome-software[2096]: no app for changed ubuntu-appindicators@ubuntu.com
Aug 28 17:29:39 audist-Veriton-M200-H81 gvfsd-metadata[1969]: g_udev_device_has_property: assertion 'G_UDEV_IS_DEVICE (device)' failed
Aug 28 17:31:45 audist-Veriton-M200-H81 kernel: [11144.569836] spa[2823]: segfault at 0 ip 0000564fed059357 sp 00007fff41b65e80 error 4 in spa[564fed058000+2000]
Aug 28 17:31:45 audist-Veriton-M200-H81 kernel: [11144.569840] Code: 10 e9 76 ff ff ff 48 8b 45 c0 8b 10 48 8b 45 b8 48 8b 00 8b 00 39 c2 7e 76 48 8b 45 c0 8b 10 48 8b 45 b8 48 8b 00 48 8b 40 10 <8b> 00 39 c2 7e 13 48 8b 55 b8 48 8b 45 c8 48 89 d6 48 89 c7 e8 28 
Aug 28 17:29:39 audist-Veriton-M200-H81 gvfsd-metadata[1969]: g_udev_device_has_property: assertion 'G_UDEV_IS_DEVICE (device)' failed
Aug 28 17:31:49 audist-Veriton-M200-H81 snapd[756]: autorefresh.go:376: Cannot prepare auto-refresh change: cannot refresh snap-declaration for "gtk-common-themes": Get https://api.snapcraft.io/api/v1/snaps/assertions/snap-declaration/16/jZLfBRzf1cYlYysIjD2bwSzNtngY0qit?max-format=3: dial tcp: lookup api.snapcraft.io on 127.0.0.53:53: server misbehaving
Aug 28 17:31:49 audist-Veriton-M200-H81 snapd[756]: stateengine.go:102: state ensure error: cannot refresh snap-declaration for "gtk-common-themes": Get https://api.snapcraft.io/api/v1/snaps/assertions/snap-declaration/16/jZLfBRzf1cYlYysIjD2bwSzNtngY0qit?max-format=3: dial tcp: lookup api.snapcraft.io on 127.0.0.53:53: server misbehaving
Aug 28 17:33:12 audist-Veriton-M200-H81 kernel: [11231.434017] splay[2835]: segfault at 0 ip 000055cf57cd635f sp 00007ffff533a930 error 4 in splay[55cf57cd5000+2000]
Aug 28 17:33:12 audist-Veriton-M200-H81 kernel: [11231.434022] Code: 10 e9 76 ff ff ff 48 8b 45 c0 8b 10 48 8b 45 b8 48 8b 00 8b 00 39 c2 7e 76 48 8b 45 c0 8b 10 48 8b 45 b8 48 8b 00 48 8b 40 10 <8b> 00 39 c2 7e 13 48 8b 55 b8 48 8b 45 c8 48 89 d6 48 89 c7 e8 28 
Aug 28 17:34:13 audist-Veriton-M200-H81 kernel: [11292.602093] splay[2846]: segfault at 0 ip 000055faafb19357 sp 00007fff6e24ec40 error 4 in splay[55faafb18000+2000]
Aug 28 17:34:13 audist-Veriton-M200-H81 kernel: [11292.602098] Code: 10 e9 76 ff ff ff 48 8b 45 c0 8b 10 48 8b 45 b8 48 8b 00 8b 00 39 c2 7e 76 48 8b 45 c0 8b 10 48 8b 45 b8 48 8b 00 48 8b 40 10 <8b> 00 39 c2 7e 13 48 8b 55 b8 48 8b 45 c8 48 89 d6 48 89 c7 e8 28 
Aug 28 17:35:17 audist-Veriton-M200-H81 kernel: [11356.426116] splay[2859]: segfault at 0 ip 000055e0952ad357 sp 00007ffde7d26540 error 4 in splay[55e0952ac000+2000]
Aug 28 17:35:17 audist-Veriton-M200-H81 kernel: [11356.426121] Code: 10 e9 76 ff ff ff 48 8b 45 c0 8b 10 48 8b 45 b8 48 8b 00 8b 00 39 c2 7e 76 48 8b 45 c0 8b 10 48 8b 45 b8 48 8b 00 48 8b 40 10 <8b> 00 39 c2 7e 13 48 8b 55 b8 48 8b 45 c8 48 89 d6 48 89 c7 e8 28 
Aug 28 17:36:22 audist-Veriton-M200-H81 kernel: [11422.154116] sp[2874]: segfault at 0 ip 000055e63d31c34f sp 00007ffffe7a3670 error 4 in sp[55e63d31b000+2000]
Aug 28 17:36:22 audist-Veriton-M200-H81 kernel: [11422.154120] Code: 10 e9 76 ff ff ff 48 8b 45 c0 8b 10 48 8b 45 b8 48 8b 00 8b 00 39 c2 7e 76 48 8b 45 c0 8b 10 48 8b 45 b8 48 8b 00 48 8b 40 10 <8b> 00 39 c2 7e 13 48 8b 55 b8 48 8b 45 c8 48 89 d6 48 89 c7 e8 28 
Aug 28 17:37:26 audist-Veriton-M200-H81 kernel: [11486.090327] splay[2884]: segfault at 0 ip 0000561a7502c34f sp 00007ffcb607f690 error 4 in splay[561a7502b000+2000]
Aug 28 17:37:26 audist-Veriton-M200-H81 kernel: [11486.090332] Code: 10 e9 76 ff ff ff 48 8b 45 c0 8b 10 48 8b 45 b8 48 8b 00 8b 00 39 c2 7e 76 48 8b 45 c0 8b 10 48 8b 45 b8 48 8b 00 48 8b 40 10 <8b> 00 39 c2 7e 13 48 8b 55 b8 48 8b 45 c8 48 89 d6 48 89 c7 e8 28 
Aug 28 17:39:22 audist-Veriton-M200-H81 kernel: [11602.234302] splay[2896]: segfault at 0 ip 000055f426c35311 sp 00007ffdc7b8a6b0 error 4 in splay[55f426c34000+2000]
Aug 28 17:39:22 audist-Veriton-M200-H81 kernel: [11602.234306] Code: 10 e9 76 ff ff ff 48 8b 45 c0 8b 10 48 8b 45 b8 48 8b 00 8b 00 39 c2 7e 76 48 8b 45 c0 8b 10 48 8b 45 b8 48 8b 00 48 8b 40 10 <8b> 00 39 c2 7e 13 48 8b 55 b8 48 8b 45 c8 48 89 d6 48 89 c7 e8 28 
Aug 28 17:41:41 audist-Veriton-M200-H81 kernel: [11740.642472] pa[2911]: segfault at 0 ip 00005560c96352ec sp 00007ffd2d9317e0 error 4 in pa[5560c9634000+2000]
Aug 28 17:41:41 audist-Veriton-M200-H81 kernel: [11740.642476] Code: b8 48 89 10 eb 81 48 8b 45 c0 8b 10 48 8b 45 b8 48 8b 00 8b 00 39 c2 7e 6e 48 8b 45 c0 8b 10 48 8b 45 b8 48 8b 00 48 8b 40 10 <8b> 00 39 c2 7e 13 48 8b 55 b8 48 8b 45 c8 48 89 d6 48 89 c7 e8 15 
Aug 28 17:44:56 audist-Veriton-M200-H81 kernel: [11935.330658] splay[2922]: segfault at 8 ip 0000556590187fd1 sp 00007ffd470047c0 error 4 in splay[556590187000+2000]
Aug 28 17:44:56 audist-Veriton-M200-H81 kernel: [11935.330662] Code: c3 55 48 89 e5 48 83 ec 10 48 89 7d f8 48 89 75 f0 48 8b 45 f8 48 89 c7 e8 80 01 00 00 85 c0 0f 94 c0 84 c0 74 48 48 8b 45 f0 <48> 8b 00 48 8d 50 08 48 8b 45 f8 48 89 d6 48 89 c7 e8 c1 ff ff ff 
Aug 28 17:45:26 audist-Veriton-M200-H81 kernel: [11966.130914] splay[2925]: segfault at 0 ip 000055ef9302c2ec sp 00007fffa4f45b90 error 4 in splay[55ef9302b000+2000]
Aug 28 17:45:26 audist-Veriton-M200-H81 kernel: [11966.130918] Code: b8 48 89 10 eb 81 48 8b 45 c0 8b 10 48 8b 45 b8 48 8b 00 8b 00 39 c2 7e 6e 48 8b 45 c0 8b 10 48 8b 45 b8 48 8b 00 48 8b 40 10 <8b> 00 39 c2 7e 13 48 8b 55 b8 48 8b 45 c8 48 89 d6 48 89 c7 e8 15 
Aug 28 17:45:41 audist-Veriton-M200-H81 kernel: [11980.306879] splay[2927]: segfault at 0 ip 000055f39d00f2ec sp 00007ffd06a18cc0 error 4 in splay[55f39d00e000+2000]
Aug 28 17:45:41 audist-Veriton-M200-H81 kernel: [11980.306884] Code: b8 48 89 10 eb 81 48 8b 45 c0 8b 10 48 8b 45 b8 48 8b 00 8b 00 39 c2 7e 6e 48 8b 45 c0 8b 10 48 8b 45 b8 48 8b 00 48 8b 40 10 <8b> 00 39 c2 7e 13 48 8b 55 b8 48 8b 45 c8 48 89 d6 48 89 c7 e8 15 
Aug 28 17:45:53 audist-Veriton-M200-H81 kernel: [11992.458885] splay[2929]: segfault at 0 ip 0000558f86a6c26d sp 00007ffc7bd8c3e0 error 4 in splay[558f86a6b000+2000]
Aug 28 17:45:53 audist-Veriton-M200-H81 kernel: [11992.458889] Code: 45 d8 48 89 45 d0 48 8b 45 c0 8b 10 48 8b 45 b8 48 8b 00 8b 00 39 c2 7d 6c 48 8b 45 c0 8b 10 48 8b 45 b8 48 8b 00 48 8b 40 08 <8b> 00 39 c2 7d 13 48 8b 55 b8 48 8b 45 c8 48 89 d6 48 89 c7 e8 48 
Aug 28 17:46:49 audist-Veriton-M200-H81 snapd[756]: autorefresh.go:376: Cannot prepare auto-refresh change: cannot refresh snap-declaration for "gnome-3-26-1604": Get https://api.snapcraft.io/api/v1/snaps/assertions/snap-declaration/16/NmbO4ZEgTCbugdJuIMrIio0LXczdU5WN?max-format=3: dial tcp: lookup api.snapcraft.io on 127.0.0.53:53: server misbehaving
Aug 28 17:46:49 audist-Veriton-M200-H81 snapd[756]: stateengine.go:102: state ensure error: cannot refresh snap-declaration for "gnome-3-26-1604": Get https://api.snapcraft.io/api/v1/snaps/assertions/snap-declaration/16/NmbO4ZEgTCbugdJuIMrIio0LXczdU5WN?max-format=3: dial tcp: lookup api.snapcraft.io on 127.0.0.53:53: server misbehaving
Aug 28 17:49:51 audist-Veriton-M200-H81 kernel: [12230.379209] splay[2944]: segfault at 0 ip 000055b9901822ec sp 00007fffbda370b0 error 4 in splay[55b990181000+2000]
Aug 28 17:49:51 audist-Veriton-M200-H81 kernel: [12230.379213] Code: b8 48 89 10 eb 81 48 8b 45 c0 8b 10 48 8b 45 b8 48 8b 00 8b 00 39 c2 7e 6e 48 8b 45 c0 8b 10 48 8b 45 b8 48 8b 00 48 8b 40 10 <8b> 00 39 c2 7e 13 48 8b 55 b8 48 8b 45 c8 48 89 d6 48 89 c7 e8 15 
Aug 28 17:50:06 audist-Veriton-M200-H81 kernel: [12245.379205] splay[2946]: segfault at 0 ip 00005601147e52ec sp 00007ffdf74724e0 error 4 in splay[5601147e4000+2000]
Aug 28 17:50:06 audist-Veriton-M200-H81 kernel: [12245.379209] Code: b8 48 89 10 eb 81 48 8b 45 c0 8b 10 48 8b 45 b8 48 8b 00 8b 00 39 c2 7e 6e 48 8b 45 c0 8b 10 48 8b 45 b8 48 8b 00 48 8b 40 10 <8b> 00 39 c2 7e 13 48 8b 55 b8 48 8b 45 c8 48 89 d6 48 89 c7 e8 15 
Aug 28 17:50:42 audist-Veriton-M200-H81 kernel: [12281.506872] splay[2948]: segfault at 0 ip 0000557f750482ec sp 00007ffe41681090 error 4 in splay[557f75047000+2000]
Aug 28 17:50:42 audist-Veriton-M200-H81 kernel: [12281.506877] Code: b8 48 89 10 eb 81 48 8b 45 c0 8b 10 48 8b 45 b8 48 8b 00 8b 00 39 c2 7e 6e 48 8b 45 c0 8b 10 48 8b 45 b8 48 8b 00 48 8b 40 10 <8b> 00 39 c2 7e 13 48 8b 55 b8 48 8b 45 c8 48 89 d6 48 89 c7 e8 15 
Aug 28 17:59:45 audist-Veriton-M200-H81 ubuntu-report[1476]: level=error msg="data were not delivered successfully to metrics server, retrying in 1800s"
Aug 28 18:01:49 audist-Veriton-M200-H81 snapd[756]: autorefresh.go:376: Cannot prepare auto-refresh change: cannot refresh snap-declaration for "gnome-system-monitor": Get https://api.snapcraft.io/api/v1/snaps/assertions/snap-declaration/16/9BTClmjz31r0UltmbJ5nnGe0Xm1AzfMp?max-format=3: dial tcp: lookup api.snapcraft.io on 127.0.0.53:53: server misbehaving
Aug 28 18:01:49 audist-Veriton-M200-H81 snapd[756]: stateengine.go:102: state ensure error: cannot refresh snap-declaration for "gnome-system-monitor": Get https://api.snapcraft.io/api/v1/snaps/assertions/snap-declaration/16/9BTClmjz31r0UltmbJ5nnGe0Xm1AzfMp?max-format=3: dial tcp: lookup api.snapcraft.io on 127.0.0.53:53: server misbehaving
Aug 28 18:01:51 audist-Veriton-M200-H81 kernel: [12950.971879] spa[2973]: segfault at 0 ip 00005652854c22f0 sp 00007ffe3c5eb360 error 4 in spa[5652854c1000+2000]
Aug 28 18:01:51 audist-Veriton-M200-H81 kernel: [12950.971887] Code: eb 81 48 8b 45 c0 8b 10 48 8b 45 b8 48 8b 00 8b 00 39 c2 0f 8e b5 00 00 00 48 8b 45 c0 8b 10 48 8b 45 b8 48 8b 00 48 8b 40 10 <8b> 00 39 c2 7e 13 48 8b 55 b8 48 8b 45 c8 48 89 d6 48 89 c7 e8 59 
Aug 28 18:02:13 audist-Veriton-M200-H81 systemd[1]: Started Run anacron jobs.
Aug 28 18:02:13 audist-Veriton-M200-H81 anacron[2976]: Anacron 2.3 started on 2019-08-28
Aug 28 18:02:13 audist-Veriton-M200-H81 anacron[2976]: Normal exit (0 jobs run)
Aug 28 18:02:21 audist-Veriton-M200-H81 kernel: [12980.859966] spa[2975]: segfault at 0 ip 0000561f0fcc64b8 sp 00007ffeb44e70a0 error 4 in spa[561f0fcc5000+2000]
Aug 28 18:02:21 audist-Veriton-M200-H81 kernel: [12980.859970] Code: 89 e5 48 83 ec 10 48 89 7d f8 48 89 75 f0 48 8b 45 f8 48 89 c7 e8 9c fc ff ff 85 c0 0f 94 c0 84 c0 74 61 48 8b 45 f0 48 8b 00 <8b> 00 89 c6 48 8d 3d 5d 0b 20 00 e8 98 f5 ff ff 48 8b 05 01 0b 20 
Aug 28 18:03:37 audist-Veriton-M200-H81 kernel: [13056.484008] splay[2985]: segfault at 0 ip 00005629f3f4426d sp 00007ffd6d2f39b0 error 4 in splay[5629f3f43000+2000]
Aug 28 18:03:37 audist-Veriton-M200-H81 kernel: [13056.484012] Code: 45 d8 48 89 45 d0 48 8b 45 c0 8b 10 48 8b 45 b8 48 8b 00 8b 00 39 c2 7d 6c 48 8b 45 c0 8b 10 48 8b 45 b8 48 8b 00 48 8b 40 08 <8b> 00 39 c2 7d 13 48 8b 55 b8 48 8b 45 c8 48 89 d6 48 89 c7 e8 90 
Aug 28 18:06:51 audist-Veriton-M200-H81 kernel: [13250.532263] spa[3000]: segfault at 0 ip 000055f9771ab4a2 sp 00007ffe55870460 error 4 in spa[55f9771aa000+2000]
Aug 28 18:06:51 audist-Veriton-M200-H81 kernel: [13250.532267] Code: 89 e5 48 83 ec 10 48 89 7d f8 48 89 75 f0 48 8b 45 f8 48 89 c7 e8 9c fc ff ff 85 c0 0f 94 c0 84 c0 74 61 48 8b 45 f0 48 8b 00 <8b> 00 89 c6 48 8d 3d 73 0b 20 00 e8 ae f5 ff ff 48 8b 05 17 0b 20 
Aug 28 18:11:10 audist-Veriton-M200-H81 org.gnome.Shell.desktop[1623]: (/usr/lib/firefox/firefox:3186): dconf-WARNING **: 18:11:10.198: Unable to open /var/lib/snapd/desktop/dconf/profile/user: Permission denied
Aug 28 18:11:12 audist-Veriton-M200-H81 org.gnome.Shell.desktop[1623]: (/usr/lib/firefox/firefox:3123): dconf-WARNING **: 18:11:12.833: Unable to open /var/lib/snapd/desktop/dconf/profile/user: Permission denied
Aug 28 18:11:21 audist-Veriton-M200-H81 org.gnome.Shell.desktop[1623]: (/usr/lib/firefox/firefox:3290): dconf-WARNING **: 18:11:21.180: Unable to open /var/lib/snapd/desktop/dconf/profile/user: Permission denied
Aug 28 18:11:34 audist-Veriton-M200-H81 org.gnome.Shell.desktop[1623]: [Parent 3056, Gecko_IOThread] WARNING: pipe error (136): Connection reset by peer: file /build/firefox-tGfEvD/firefox-68.0.1+build1/ipc/chromium/src/chrome/common/ipc_channel_posix.cc, line 358
Aug 28 18:11:34 audist-Veriton-M200-H81 org.gnome.Shell.desktop[1623]: [Parent 3056, Gecko_IOThread] WARNING: pipe error (118): Connection reset by peer: file /build/firefox-tGfEvD/firefox-68.0.1+build1/ipc/chromium/src/chrome/common/ipc_channel_posix.cc, line 358
Aug 28 18:11:34 audist-Veriton-M200-H81 org.gnome.Shell.desktop[1623]: [Parent 3056, Gecko_IOThread] WARNING: pipe error (60): Connection reset by peer: file /build/firefox-tGfEvD/firefox-68.0.1+build1/ipc/chromium/src/chrome/common/ipc_channel_posix.cc, line 358
Aug 28 18:11:34 audist-Veriton-M200-H81 org.gnome.Shell.desktop[1623]: ###!!! [Parent][RunMessage] Error: Channel closing: too late to send/recv, messages will be lost
Aug 28 18:11:38 audist-Veriton-M200-H81 /usr/lib/gdm3/gdm-x-session[1489]: (II) modeset(0): EDID vendor "ACR", prod id 820
Aug 28 18:11:38 audist-Veriton-M200-H81 /usr/lib/gdm3/gdm-x-session[1489]: (II) modeset(0): Using hsync ranges from config file
Aug 28 18:11:38 audist-Veriton-M200-H81 /usr/lib/gdm3/gdm-x-session[1489]: (II) modeset(0): Using vrefresh ranges from config file
Aug 28 18:11:38 audist-Veriton-M200-H81 /usr/lib/gdm3/gdm-x-session[1489]: (II) modeset(0): Printing DDC gathered Modelines:
Aug 28 18:11:38 audist-Veriton-M200-H81 /usr/lib/gdm3/gdm-x-session[1489]: (II) modeset(0): Modeline "1600x900"x0.0  108.00  1600 1624 1704 1800  900 901 904 1000 +hsync +vsync (60.0 kHz eP)
Aug 28 18:11:38 audist-Veriton-M200-H81 /usr/lib/gdm3/gdm-x-session[1489]: (II) modeset(0): Modeline "800x600"x0.0   40.00  800 840 968 1056  600 601 605 628 +hsync +vsync (37.9 kHz e)
Aug 28 18:11:38 audist-Veriton-M200-H81 /usr/lib/gdm3/gdm-x-session[1489]: (II) modeset(0): Modeline "800x600"x0.0   36.00  800 824 896 1024  600 601 603 625 +hsync +vsync (35.2 kHz e)
Aug 28 18:11:38 audist-Veriton-M200-H81 /usr/lib/gdm3/gdm-x-session[1489]: (II) modeset(0): Modeline "640x480"x0.0   31.50  640 656 720 840  480 481 484 500 -hsync -vsync (37.5 kHz e)
Aug 28 18:11:38 audist-Veriton-M200-H81 /usr/lib/gdm3/gdm-x-session[1489]: (II) modeset(0): Modeline "640x480"x0.0   31.50  640 664 704 832  480 489 492 520 -hsync -vsync (37.9 kHz e)
Aug 28 18:11:38 audist-Veriton-M200-H81 /usr/lib/gdm3/gdm-x-session[1489]: (II) modeset(0): Modeline "640x480"x0.0   30.24  640 704 768 864  480 483 486 525 -hsync -vsync (35.0 kHz e)
Aug 28 18:11:38 audist-Veriton-M200-H81 /usr/lib/gdm3/gdm-x-session[1489]: (II) modeset(0): Modeline "640x480"x0.0   25.18  640 656 752 800  480 490 492 525 -hsync -vsync (31.5 kHz e)
Aug 28 18:11:38 audist-Veriton-M200-H81 /usr/lib/gdm3/gdm-x-session[1489]: (II) modeset(0): Modeline "720x400"x0.0   28.32  720 738 846 900  400 412 414 449 -hsync +vsync (31.5 kHz e)
Aug 28 18:11:38 audist-Veriton-M200-H81 /usr/lib/gdm3/gdm-x-session[1489]: (II) modeset(0): Modeline "1280x1024"x0.0  135.00  1280 1296 1440 1688  1024 1025 1028 1066 +hsync +vsync (80.0 kHz e)
Aug 28 18:11:38 audist-Veriton-M200-H81 /usr/lib/gdm3/gdm-x-session[1489]: (II) modeset(0): Modeline "1024x768"x0.0   78.75  1024 1040 1136 1312  768 769 772 800 +hsync +vsync (60.0 kHz e)
Aug 28 18:11:38 audist-Veriton-M200-H81 /usr/lib/gdm3/gdm-x-session[1489]: (II) modeset(0): Modeline "1024x768"x0.0   75.00  1024 1048 1184 1328  768 771 777 806 -hsync -vsync (56.5 kHz e)
Aug 28 18:11:38 audist-Veriton-M200-H81 /usr/lib/gdm3/gdm-x-session[1489]: (II) modeset(0): Modeline "1024x768"x0.0   65.00  1024 1048 1184 1344  768 771 777 806 -hsync -vsync (48.4 kHz e)
Aug 28 18:11:38 audist-Veriton-M200-H81 /usr/lib/gdm3/gdm-x-session[1489]: (II) modeset(0): Modeline "832x624"x0.0   57.28  832 864 928 1152  624 625 628 667 -hsync -vsync (49.7 kHz e)
Aug 28 18:11:38 audist-Veriton-M200-H81 /usr/lib/gdm3/gdm-x-session[1489]: (II) modeset(0): Modeline "800x600"x0.0   49.50  800 816 896 1056  600 601 604 625 +hsync +vsync (46.9 kHz e)
Aug 28 18:11:38 audist-Veriton-M200-H81 /usr/lib/gdm3/gdm-x-session[1489]: (II) modeset(0): Modeline "800x600"x0.0   50.00  800 856 976 1040  600 637 643 666 +hsync +vsync (48.1 kHz e)
Aug 28 18:11:38 audist-Veriton-M200-H81 /usr/lib/gdm3/gdm-x-session[1489]: (II) modeset(0): Modeline "1152x864"x0.0  108.00  1152 1216 1344 1600  864 865 868 900 +hsync +vsync (67.5 kHz e)
Aug 28 18:11:38 audist-Veriton-M200-H81 /usr/lib/gdm3/gdm-x-session[1489]: (II) modeset(0): Modeline "1280x720"x60.0   74.48  1280 1336 1472 1664  720 721 724 746 -hsync +vsync (44.8 kHz e)
Aug 28 18:11:38 audist-Veriton-M200-H81 /usr/lib/gdm3/gdm-x-session[1489]: (II) modeset(0): Modeline "1280x800"x0.0   83.50  1280 1352 1480 1680  800 803 809 831 -hsync +vsync (49.7 kHz e)
Aug 28 18:11:50 audist-Veriton-M200-H81 org.gnome.Shell.desktop[1623]: (/usr/lib/firefox/firefox:3445): dconf-WARNING **: 18:11:50.728: Unable to open /var/lib/snapd/desktop/dconf/profile/user: Permission denied
Aug 28 18:11:53 audist-Veriton-M200-H81 org.gnome.Shell.desktop[1623]: [Parent 3387, Gecko_IOThread] WARNING: pipe error (109): Connection reset by peer: file /build/firefox-tGfEvD/firefox-68.0.1+build1/ipc/chromium/src/chrome/common/ipc_channel_posix.cc, line 358
Aug 28 18:11:53 audist-Veriton-M200-H81 org.gnome.Shell.desktop[1623]: [Parent 3387, Gecko_IOThread] WARNING: pipe error (47): Connection reset by peer: file /build/firefox-tGfEvD/firefox-68.0.1+build1/ipc/chromium/src/chrome/common/ipc_channel_posix.cc, line 358
Aug 28 18:12:38 audist-Veriton-M200-H81 dbus-daemon[726]: [system] Activating service name='com.ubuntu.WhoopsiePreferences' requested by ':1.125' (uid=1004 pid=3374 comm="gnome-control-center network " label="unconfined") (using servicehelper)
Aug 28 18:12:38 audist-Veriton-M200-H81 dbus-daemon[726]: [system] Successfully activated service 'com.ubuntu.WhoopsiePreferences'
Aug 28 18:12:38 audist-Veriton-M200-H81 com.ubuntu.WhoopsiePreferences[726]: Acquired the name: com.ubuntu.WhoopsiePreferences
Aug 28 18:12:38 audist-Veriton-M200-H81 dbus-daemon[726]: [system] Activating via systemd: service name='org.freedesktop.GeoClue2' unit='geoclue.service' requested by ':1.125' (uid=1004 pid=3374 comm="gnome-control-center network " label="unconfined")
Aug 28 18:12:38 audist-Veriton-M200-H81 systemd[1]: Starting Location Lookup Service...
Aug 28 18:12:38 audist-Veriton-M200-H81 gnome-control-c[3374]: Failed fetch permissions from flatpak permission store: GDBus.Error:org.freedesktop.DBus.Error.ServiceUnknown: The name org.freedesktop.impl.portal.PermissionStore was not provided by any .service files
Aug 28 18:12:38 audist-Veriton-M200-H81 dbus-daemon[726]: [system] Successfully activated service 'org.freedesktop.GeoClue2'
Aug 28 18:12:38 audist-Veriton-M200-H81 systemd[1]: Started Location Lookup Service.
Aug 28 18:12:39 audist-Veriton-M200-H81 dbus-daemon[726]: [system] Activating via systemd: service name='org.freedesktop.hostname1' unit='dbus-org.freedesktop.hostname1.service' requested by ':1.125' (uid=1004 pid=3374 comm="gnome-control-center network " label="unconfined")
Aug 28 18:12:39 audist-Veriton-M200-H81 systemd[1]: Starting Hostname Service...
Aug 28 18:12:39 audist-Veriton-M200-H81 dbus-daemon[726]: [system] Successfully activated service 'org.freedesktop.hostname1'
Aug 28 18:12:39 audist-Veriton-M200-H81 systemd[1]: Started Hostname Service.
Aug 28 18:12:39 audist-Veriton-M200-H81 gnome-control-c[3374]: g_object_unref: assertion 'G_IS_OBJECT (object)' failed
Aug 28 18:12:39 audist-Veriton-M200-H81 gnome-control-c[3374]: message repeated 4 times: [ g_object_unref: assertion 'G_IS_OBJECT (object)' failed]
Aug 28 18:12:43 audist-Veriton-M200-H81 snapd[756]: autorefresh.go:376: Cannot prepare auto-refresh change: cannot refresh snap-declaration for "gnome-system-monitor": Get https://api.snapcraft.io/api/v1/snaps/assertions/snap-declaration/16/9BTClmjz31r0UltmbJ5nnGe0Xm1AzfMp?max-format=3: dial tcp: lookup api.snapcraft.io on 127.0.0.53:53: server misbehaving
Aug 28 18:12:43 audist-Veriton-M200-H81 snapd[756]: stateengine.go:102: state ensure error: cannot refresh snap-declaration for "gnome-system-monitor": Get https://api.snapcraft.io/api/v1/snaps/assertions/snap-declaration/16/9BTClmjz31r0UltmbJ5nnGe0Xm1AzfMp?max-format=3: dial tcp: lookup api.snapcraft.io on 127.0.0.53:53: server misbehaving
Aug 28 18:12:49 audist-Veriton-M200-H81 gsd-print-notif[1738]: Source ID 2 was not found when attempting to remove it
Aug 28 18:12:49 audist-Veriton-M200-H81 kernel: [13609.185187] rfkill: input handler enabled
Aug 28 18:12:49 audist-Veriton-M200-H81 systemd[1464]: Stopping D-Bus User Message Bus...
Aug 28 18:12:49 audist-Veriton-M200-H81 gnome-shell[1623]: gnome-shell: Fatal IO error 11 (Resource temporarily unavailable) on X server :0.
Aug 28 18:12:49 audist-Veriton-M200-H81 gnome-session[1500]: gnome-session-binary[1500]: WARNING: Lost name on bus: org.gnome.SessionManager
Aug 28 18:12:49 audist-Veriton-M200-H81 gnome-session[1500]: gnome-session-binary[1500]: CRITICAL: We failed, but the fail whale is dead. Sorry....
Aug 28 18:12:49 audist-Veriton-M200-H81 gnome-session-binary[1500]: WARNING: Lost name on bus: org.gnome.SessionManager
Aug 28 18:12:49 audist-Veriton-M200-H81 gnome-session-binary[1500]: CRITICAL: We failed, but the fail whale is dead. Sorry....
Aug 28 18:12:49 audist-Veriton-M200-H81 gvfsd[1630]: A connection to the bus can't be made
Aug 28 18:12:49 audist-Veriton-M200-H81 deja-dup-monito[2199]: Owner of volume monitor org.gtk.vfs.UDisks2VolumeMonitor disconnected from the bus; removing drives/volumes/mounts
Aug 28 18:12:49 audist-Veriton-M200-H81 deja-dup-monito[2199]: Owner of volume monitor org.gtk.vfs.GPhoto2VolumeMonitor disconnected from the bus; removing drives/volumes/mounts
Aug 28 18:12:49 audist-Veriton-M200-H81 deja-dup-monito[2199]: Owner of volume monitor org.gtk.vfs.AfcVolumeMonitor disconnected from the bus; removing drives/volumes/mounts
Aug 28 18:12:49 audist-Veriton-M200-H81 deja-dup-monito[2199]: Owner of volume monitor org.gtk.vfs.MTPVolumeMonitor disconnected from the bus; removing drives/volumes/mounts
Aug 28 18:12:49 audist-Veriton-M200-H81 deja-dup-monito[2199]: Owner of volume monitor org.gtk.vfs.GoaVolumeMonitor disconnected from the bus; removing drives/volumes/mounts
Aug 28 18:12:49 audist-Veriton-M200-H81 evolution-addre[1965]: Error releasing name org.gnome.evolution.dataserver.Subprocess.Backend.AddressBookx1954x2: The connection is closed
Aug 28 18:12:49 audist-Veriton-M200-H81 gnome-software[2096]: lost session service
Aug 28 18:12:49 audist-Veriton-M200-H81 systemd[1464]: Stopped D-Bus User Message Bus.
Aug 28 18:12:49 audist-Veriton-M200-H81 systemd[1464]: Started D-Bus User Message Bus.
Aug 28 18:12:49 audist-Veriton-M200-H81 gsd-color[1094]: failed to connect to device: Failed to connect to missing device /org/freedesktop/ColorManager/devices/xrandr_Acer_Technologies_V206HQL_LY6SS0098503_user2_1004
Aug 28 18:12:49 audist-Veriton-M200-H81 dbus-daemon[3621]: [session uid=1004 pid=3621] AppArmor D-Bus mediation is enabled
Aug 28 18:12:50 audist-Veriton-M200-H81 update-notifier[2099]: update-notifier: Fatal IO error 11 (Resource temporarily unavailable) on X server :0.
Aug 28 18:12:50 audist-Veriton-M200-H81 /usr/lib/gdm3/gdm-x-session[1489]: (**) Option "fd" "21"
Aug 28 18:12:50 audist-Veriton-M200-H81 /usr/lib/gdm3/gdm-x-session[1489]: (II) event1  - Power Button: device removed
Aug 28 18:12:50 audist-Veriton-M200-H81 /usr/lib/gdm3/gdm-x-session[1489]: (**) Option "fd" "24"
Aug 28 18:12:50 audist-Veriton-M200-H81 /usr/lib/gdm3/gdm-x-session[1489]: (II) event2  - Video Bus: device removed
Aug 28 18:12:50 audist-Veriton-M200-H81 /usr/lib/gdm3/gdm-x-session[1489]: (**) Option "fd" "25"
Aug 28 18:12:50 audist-Veriton-M200-H81 /usr/lib/gdm3/gdm-x-session[1489]: (II) event0  - Power Button: device removed
Aug 28 18:12:50 audist-Veriton-M200-H81 /usr/lib/gdm3/gdm-x-session[1489]: (**) Option "fd" "26"
Aug 28 18:12:50 audist-Veriton-M200-H81 /usr/lib/gdm3/gdm-x-session[1489]: (II) event4  - NOVATEK USB Keyboard: device removed
Aug 28 18:12:50 audist-Veriton-M200-H81 /usr/lib/gdm3/gdm-x-session[1489]: (**) Option "fd" "27"
Aug 28 18:12:50 audist-Veriton-M200-H81 /usr/lib/gdm3/gdm-x-session[1489]: (II) event5  - NOVATEK USB Keyboard System Control: device removed
Aug 28 18:12:50 audist-Veriton-M200-H81 /usr/lib/gdm3/gdm-x-session[1489]: (**) Option "fd" "28"
Aug 28 18:12:50 audist-Veriton-M200-H81 /usr/lib/gdm3/gdm-x-session[1489]: (II) event6  - NOVATEK USB Keyboard Consumer Control: device removed
Aug 28 18:12:50 audist-Veriton-M200-H81 /usr/lib/gdm3/gdm-x-session[1489]: (**) Option "fd" "29"
Aug 28 18:12:50 audist-Veriton-M200-H81 /usr/lib/gdm3/gdm-x-session[1489]: (II) event3  - PixArt USB Optical Mouse: device removed
Aug 28 18:12:50 audist-Veriton-M200-H81 systemd[1]: Unmounted /run/user/1004/gvfs.
Aug 28 18:12:50 audist-Veriton-M200-H81 systemd[1]: Stopped Unattended Upgrades Shutdown.
Aug 28 18:12:50 audist-Veriton-M200-H81 systemd[1]: Stopping Hostname Service...
Aug 28 18:12:50 audist-Veriton-M200-H81 systemd[1]: Stopping User Manager for UID 121...
Aug 28 18:12:50 audist-Veriton-M200-H81 systemd[1]: Stopping Daemon for power management...
Aug 28 18:12:50 audist-Veriton-M200-H81 systemd[1]: Removed slice system-getty.slice.
Aug 28 18:12:50 audist-Veriton-M200-H81 systemd[1]: Stopping Manage, Install and Generate Color Profiles...
Aug 28 18:12:50 audist-Veriton-M200-H81 systemd[1]: Stopped target Timers.
Aug 28 18:12:50 audist-Veriton-M200-H81 systemd[1]: Stopped Message of the Day.
Aug 28 18:12:50 audist-Veriton-M200-H81 systemd[1]: Stopped Discard unused blocks once a week.
Aug 28 18:12:50 audist-Veriton-M200-H81 systemd[1]: Stopping PackageKit Daemon...
Aug 28 18:12:50 audist-Veriton-M200-H81 gsd-media-keys[1100]: g_object_notify: object class 'UpDevice' has no property named 'g-name-owner'
Aug 28 18:12:50 audist-Veriton-M200-H81 at-spi-bus-launcher[932]: XIO:  fatal IO error 11 (Resource temporarily unavailable) on X server ":1024"
Aug 28 18:12:50 audist-Veriton-M200-H81 at-spi-bus-launcher[932]:       after 21 requests (21 known processed) with 0 events remaining.
Aug 28 18:12:50 audist-Veriton-M200-H81 snapd[756]: main.go:147: Exiting on terminated signal.
Aug 28 18:12:50 audist-Veriton-M200-H81 ModemManager[721]: <info>  Caught signal, shutting down...
Aug 28 18:12:50 audist-Veriton-M200-H81 thermald[712]: Terminating ...
Aug 28 18:12:50 audist-Veriton-M200-H81 gnome-shell[891]: Failed to apply DRM plane transform 0: Permission denied
Aug 28 18:12:50 audist-Veriton-M200-H81 ModemManager[721]: <info>  ModemManager is shut down
Aug 28 18:12:50 audist-Veriton-M200-H81 gnome-session[885]: gnome-session-binary[885]: WARNING: Application 'org.gnome.SettingsDaemon.PrintNotifications.desktop' killed by signal 15
Aug 28 18:12:50 audist-Veriton-M200-H81 gnome-session[885]: gnome-session-binary[885]: WARNING: Application 'org.gnome.SettingsDaemon.Datetime.desktop' killed by signal 15
Aug 28 18:12:50 audist-Veriton-M200-H81 systemd[1]: Stopping Save/Restore Sound Card State...
Aug 28 18:12:50 audist-Veriton-M200-H81 /usr/lib/gdm3/gdm-x-session[1489]: (II) UnloadModule: "libinput"
Aug 29 19:38:16 audist-Veriton-M200-H81 systemd-modules-load[302]: Inserted module 'lp'
Aug 29 19:38:16 audist-Veriton-M200-H81 systemd-modules-load[302]: Inserted module 'ppdev'
Aug 29 19:38:16 audist-Veriton-M200-H81 systemd[1]: Started Remount Root and Kernel File Systems.
Aug 29 19:38:16 audist-Veriton-M200-H81 systemd[1]: Starting Load/Save Random Seed...
Aug 29 19:38:16 audist-Veriton-M200-H81 systemd[1]: Starting Flush Journal to Persistent Storage...
Aug 29 19:38:16 audist-Veriton-M200-H81 systemd[1]: Activating swap /swapfile...
Aug 29 19:38:16 audist-Veriton-M200-H81 systemd-modules-load[302]: Inserted module 'parport_pc'
Aug 29 19:38:16 audist-Veriton-M200-H81 systemd[1]: Started Create Static Device Nodes in /dev.
Aug 29 19:38:16 audist-Veriton-M200-H81 systemd[1]: Starting udev Kernel Device Manager...
Aug 29 19:38:16 audist-Veriton-M200-H81 systemd[1]: Started Load Kernel Modules.
Aug 29 19:38:16 audist-Veriton-M200-H81 systemd[1]: Mounting Kernel Configuration File System...
Aug 29 19:38:16 audist-Veriton-M200-H81 systemd[1]: Starting Apply Kernel Variables...
Aug 29 19:38:16 audist-Veriton-M200-H81 systemd[1]: Mounting FUSE Control File System...
Aug 29 19:38:16 audist-Veriton-M200-H81 systemd[1]: Mounted Kernel Configuration File System.
Aug 29 19:38:16 audist-Veriton-M200-H81 systemd[1]: Mounted FUSE Control File System.
Aug 29 19:38:16 audist-Veriton-M200-H81 systemd[1]: Started Set the console keyboard layout.
Aug 29 19:38:16 audist-Veriton-M200-H81 systemd[1]: Reached target Local File Systems (Pre).
Aug 29 19:38:16 audist-Veriton-M200-H81 kernel: [    0.000000] microcode: microcode updated early to revision 0x27, date = 2019-02-26
Aug 29 19:38:16 audist-Veriton-M200-H81 systemd[1]: Mounting Mount unit for gnome-calculator, revision 260...
Aug 29 19:38:16 audist-Veriton-M200-H81 kernel: [    0.000000] Linux version 4.18.0-25-generic (buildd@lgw01-amd64-033) (gcc version 7.4.0 (Ubuntu 7.4.0-1ubuntu1~18.04.1)) #26~18.04.1-Ubuntu SMP Thu Jun 27 07:28:31 UTC 2019 (Ubuntu 4.18.0-25.26~18.04.1-generic 4.18.20)
Aug 29 19:38:16 audist-Veriton-M200-H81 kernel: [    0.000000] Command line: BOOT_IMAGE=/boot/vmlinuz-4.18.0-25-generic root=UUID=e3629bcc-047f-4dc2-bd57-7052b9a736e8 ro quiet splash vt.handoff=1
Aug 29 19:38:16 audist-Veriton-M200-H81 kernel: [    0.000000] KERNEL supported cpus:
Aug 29 19:38:16 audist-Veriton-M200-H81 systemd[1]: Mounting Mount unit for core, revision 6350...
Aug 29 19:38:16 audist-Veriton-M200-H81 kernel: [    0.000000]   Intel GenuineIntel
Aug 29 19:38:16 audist-Veriton-M200-H81 systemd[1]: Mounting Mount unit for gnome-characters, revision 139...
Aug 29 19:38:16 audist-Veriton-M200-H81 kernel: [    0.000000]   AMD AuthenticAMD
Aug 29 19:38:16 audist-Veriton-M200-H81 kernel: [    0.000000]   Centaur CentaurHauls
Aug 29 19:38:16 audist-Veriton-M200-H81 kernel: [    0.000000] x86/fpu: Supporting XSAVE feature 0x001: 'x87 floating point registers'
Aug 29 19:38:16 audist-Veriton-M200-H81 kernel: [    0.000000] x86/fpu: Supporting XSAVE feature 0x002: 'SSE registers'
Aug 29 19:38:16 audist-Veriton-M200-H81 kernel: [    0.000000] x86/fpu: Supporting XSAVE feature 0x004: 'AVX registers'
Aug 29 19:38:16 audist-Veriton-M200-H81 systemd[1]: Mounting Mount unit for gtk-common-themes, revision 818...
Aug 29 19:38:16 audist-Veriton-M200-H81 kernel: [    0.000000] x86/fpu: xstate_offset[2]:  576, xstate_sizes[2]:  256
Aug 29 19:38:16 audist-Veriton-M200-H81 kernel: [    0.000000] x86/fpu: Enabled xstate features 0x7, context size is 832 bytes, using 'standard' format.
Aug 29 19:38:16 audist-Veriton-M200-H81 systemd[1]: Mounting Mount unit for gnome-system-monitor, revision 57...
Aug 29 19:38:16 audist-Veriton-M200-H81 systemd[1]: Reached target Local File Systems.
Aug 29 19:38:16 audist-Veriton-M200-H81 kernel: [    0.000000] BIOS-provided physical RAM map:
Aug 29 19:38:16 audist-Veriton-M200-H81 kernel: [    0.000000] BIOS-e820: [mem 0x0000000000000000-0x000000000009d7ff] usable
Aug 29 19:38:16 audist-Veriton-M200-H81 kernel: [    0.000000] BIOS-e820: [mem 0x000000000009d800-0x000000000009ffff] reserved
Aug 29 19:38:16 audist-Veriton-M200-H81 systemd[1]: Starting Tell Plymouth To Write Out Runtime Data...
Aug 29 19:38:16 audist-Veriton-M200-H81 kernel: [    0.000000] BIOS-e820: [mem 0x00000000000e0000-0x00000000000fffff] reserved
Aug 29 19:38:16 audist-Veriton-M200-H81 kernel: [    0.000000] BIOS-e820: [mem 0x0000000000100000-0x00000000bce87fff] usable
Aug 29 19:38:16 audist-Veriton-M200-H81 systemd[1]: Starting Set console font and keymap...
Aug 29 19:38:16 audist-Veriton-M200-H81 kernel: [    0.000000] BIOS-e820: [mem 0x00000000bce88000-0x00000000bce8efff] ACPI NVS
Aug 29 19:38:16 audist-Veriton-M200-H81 kernel: [    0.000000] BIOS-e820: [mem 0x00000000bce8f000-0x00000000bd6dafff] usable
Aug 29 19:38:16 audist-Veriton-M200-H81 kernel: [    0.000000] BIOS-e820: [mem 0x00000000bd6db000-0x00000000bd92bfff] reserved
Aug 29 19:38:16 audist-Veriton-M200-H81 kernel: [    0.000000] BIOS-e820: [mem 0x00000000bd92c000-0x00000000cd309fff] usable
Aug 29 19:38:16 audist-Veriton-M200-H81 systemd[1]: Starting Clean up any mess left by 0dns-up...
Aug 29 19:38:16 audist-Veriton-M200-H81 kernel: [    0.000000] BIOS-e820: [mem 0x00000000cd30a000-0x00000000cd392fff] reserved
Aug 29 19:38:16 audist-Veriton-M200-H81 kernel: [    0.000000] BIOS-e820: [mem 0x00000000cd393000-0x00000000cd3a8fff] ACPI data
Aug 29 19:38:16 audist-Veriton-M200-H81 kernel: [    0.000000] BIOS-e820: [mem 0x00000000cd3a9000-0x00000000cda12fff] ACPI NVS
Aug 29 19:38:16 audist-Veriton-M200-H81 systemd[1]: Starting AppArmor initialization...
Aug 29 19:38:16 audist-Veriton-M200-H81 kernel: [    0.000000] BIOS-e820: [mem 0x00000000cda13000-0x00000000cdffefff] reserved
Aug 29 19:38:16 audist-Veriton-M200-H81 kernel: [    0.000000] BIOS-e820: [mem 0x00000000cdfff000-0x00000000cdffffff] usable
Aug 29 19:38:16 audist-Veriton-M200-H81 kernel: [    0.000000] BIOS-e820: [mem 0x00000000cf000000-0x00000000df1fffff] reserved
Aug 29 19:38:16 audist-Veriton-M200-H81 systemd[1]: Mounting Mount unit for gnome-3-26-1604, revision 74...
Aug 29 19:38:16 audist-Veriton-M200-H81 kernel: [    0.000000] BIOS-e820: [mem 0x00000000f8000000-0x00000000fbffffff] reserved
Aug 29 19:38:16 audist-Veriton-M200-H81 kernel: [    0.000000] BIOS-e820: [mem 0x00000000fec00000-0x00000000fec00fff] reserved
Aug 29 19:38:16 audist-Veriton-M200-H81 kernel: [    0.000000] BIOS-e820: [mem 0x00000000fed00000-0x00000000fed03fff] reserved
Aug 29 19:38:16 audist-Veriton-M200-H81 systemd[1]: Mounting Mount unit for gnome-logs, revision 45...
Aug 29 19:38:16 audist-Veriton-M200-H81 kernel: [    0.000000] BIOS-e820: [mem 0x00000000fed1c000-0x00000000fed1ffff] reserved
Aug 29 19:38:16 audist-Veriton-M200-H81 kernel: [    0.000000] BIOS-e820: [mem 0x00000000fee00000-0x00000000fee00fff] reserved
Aug 29 19:38:16 audist-Veriton-M200-H81 kernel: [    0.000000] BIOS-e820: [mem 0x00000000ff000000-0x00000000ffffffff] reserved
Aug 29 19:38:16 audist-Veriton-M200-H81 kernel: [    0.000000] BIOS-e820: [mem 0x0000000100000000-0x000000021fdfffff] usable
Aug 29 19:38:16 audist-Veriton-M200-H81 kernel: [    0.000000] NX (Execute Disable) protection: active
Aug 29 19:38:16 audist-Veriton-M200-H81 systemd[1]: Activated swap /swapfile.
Aug 29 19:38:16 audist-Veriton-M200-H81 kernel: [    0.000000] SMBIOS 2.7 present.
Aug 29 19:38:16 audist-Veriton-M200-H81 kernel: [    0.000000] DMI: Acer Veriton M200-H81/H81-M1, BIOS 022 03/03/2014
Aug 29 19:38:16 audist-Veriton-M200-H81 systemd[1]: Started udev Kernel Device Manager.
Aug 29 19:38:16 audist-Veriton-M200-H81 kernel: [    0.000000] e820: update [mem 0x00000000-0x00000fff] usable ==> reserved
Aug 29 19:38:16 audist-Veriton-M200-H81 kernel: [    0.000000] e820: remove [mem 0x000a0000-0x000fffff] usable
Aug 29 19:38:16 audist-Veriton-M200-H81 kernel: [    0.000000] last_pfn = 0x21fe00 max_arch_pfn = 0x400000000
Aug 29 19:38:16 audist-Veriton-M200-H81 kernel: [    0.000000] MTRR default type: uncachable
Aug 29 19:38:16 audist-Veriton-M200-H81 kernel: [    0.000000] MTRR fixed ranges enabled:
Aug 29 19:38:16 audist-Veriton-M200-H81 systemd[1]: Started Load/Save Random Seed.
Aug 29 19:38:16 audist-Veriton-M200-H81 kernel: [    0.000000]   00000-9FFFF write-back
Aug 29 19:38:16 audist-Veriton-M200-H81 kernel: [    0.000000]   A0000-BFFFF uncachable
Aug 29 19:38:16 audist-Veriton-M200-H81 systemd[1]: Started Apply Kernel Variables.
Aug 29 19:38:16 audist-Veriton-M200-H81 kernel: [    0.000000]   C0000-CFFFF write-protect
Aug 29 19:38:16 audist-Veriton-M200-H81 kernel: [    0.000000]   D0000-E7FFF uncachable
Aug 29 19:38:16 audist-Veriton-M200-H81 kernel: [    0.000000]   E8000-FFFFF write-protect
Aug 29 19:38:16 audist-Veriton-M200-H81 kernel: [    0.000000] MTRR variable ranges enabled:
Aug 29 19:38:16 audist-Veriton-M200-H81 kernel: [    0.000000]   0 base 0000000000 mask 7E00000000 write-back
Aug 29 19:38:16 audist-Veriton-M200-H81 kernel: [    0.000000]   1 base 0200000000 mask 7FE0000000 write-back
Aug 29 19:38:16 audist-Veriton-M200-H81 systemd[1]: Started Set console font and keymap.
Aug 29 19:38:16 audist-Veriton-M200-H81 kernel: [    0.000000]   2 base 00E0000000 mask 7FE0000000 uncachable
Aug 29 19:38:16 audist-Veriton-M200-H81 kernel: [    0.000000]   3 base 00D0000000 mask 7FF0000000 uncachable
Aug 29 19:38:16 audist-Veriton-M200-H81 kernel: [    0.000000]   4 base 00CF000000 mask 7FFF000000 uncachable
Aug 29 19:38:16 audist-Veriton-M200-H81 systemd[1]: Starting Show Plymouth Boot Screen...
Aug 29 19:38:16 audist-Veriton-M200-H81 kernel: [    0.000000]   5 base 021FE00000 mask 7FFFE00000 uncachable
Aug 29 19:38:16 audist-Veriton-M200-H81 kernel: [    0.000000]   6 disabled
Aug 29 19:38:16 audist-Veriton-M200-H81 kernel: [    0.000000]   7 disabled
Aug 29 19:38:16 audist-Veriton-M200-H81 kernel: [    0.000000]   8 disabled
Aug 29 19:38:16 audist-Veriton-M200-H81 kernel: [    0.000000]   9 disabled
Aug 29 19:38:16 audist-Veriton-M200-H81 kernel: [    0.000000] x86/PAT: Configuration [0-7]: WB  WC  UC- UC  WB  WP  UC- WT  
Aug 29 19:38:16 audist-Veriton-M200-H81 systemd[1]: Reached target Swap.
Aug 29 19:38:16 audist-Veriton-M200-H81 kernel: [    0.000000] total RAM covered: 7918M
Aug 29 19:38:16 audist-Veriton-M200-H81 kernel: [    0.000000] Found optimal setting for mtrr clean up
Aug 29 19:38:16 audist-Veriton-M200-H81 kernel: [    0.000000]  gran_size: 64K 	chunk_size: 32M 	num_reg: 7  	lose cover RAM: 0G
Aug 29 19:38:16 audist-Veriton-M200-H81 kernel: [    0.000000] e820: update [mem 0xcf000000-0xffffffff] usable ==> reserved
Aug 29 19:38:16 audist-Veriton-M200-H81 kernel: [    0.000000] last_pfn = 0xce000 max_arch_pfn = 0x400000000
Aug 29 19:38:16 audist-Veriton-M200-H81 kernel: [    0.000000] found SMP MP-table at [mem 0x000fd6e0-0x000fd6ef] mapped at [(____ptrval____)]
Aug 29 19:38:16 audist-Veriton-M200-H81 kernel: [    0.000000] Scanning 1 areas for low memory corruption
Aug 29 19:38:16 audist-Veriton-M200-H81 kernel: [    0.000000] Base memory trampoline at [(____ptrval____)] 97000 size 24576
Aug 29 19:38:16 audist-Veriton-M200-H81 kernel: [    0.000000] Using GB pages for direct mapping
Aug 29 19:38:16 audist-Veriton-M200-H81 kernel: [    0.000000] BRK [0x13b563000, 0x13b563fff] PGTABLE
Aug 29 19:38:16 audist-Veriton-M200-H81 kernel: [    0.000000] BRK [0x13b564000, 0x13b564fff] PGTABLE
Aug 29 19:38:16 audist-Veriton-M200-H81 kernel: [    0.000000] BRK [0x13b565000, 0x13b565fff] PGTABLE
Aug 29 19:38:16 audist-Veriton-M200-H81 kernel: [    0.000000] BRK [0x13b566000, 0x13b566fff] PGTABLE
Aug 29 19:38:16 audist-Veriton-M200-H81 kernel: [    0.000000] BRK [0x13b567000, 0x13b567fff] PGTABLE
Aug 29 19:38:16 audist-Veriton-M200-H81 kernel: [    0.000000] BRK [0x13b568000, 0x13b568fff] PGTABLE
Aug 29 19:38:16 audist-Veriton-M200-H81 kernel: [    0.000000] BRK [0x13b569000, 0x13b569fff] PGTABLE
Aug 29 19:38:16 audist-Veriton-M200-H81 kernel: [    0.000000] BRK [0x13b56a000, 0x13b56afff] PGTABLE
Aug 29 19:38:16 audist-Veriton-M200-H81 kernel: [    0.000000] BRK [0x13b56b000, 0x13b56bfff] PGTABLE
Aug 29 19:38:16 audist-Veriton-M200-H81 kernel: [    0.000000] BRK [0x13b56c000, 0x13b56cfff] PGTABLE
Aug 29 19:38:16 audist-Veriton-M200-H81 kernel: [    0.000000] BRK [0x13b56d000, 0x13b56dfff] PGTABLE
Aug 29 19:38:16 audist-Veriton-M200-H81 kernel: [    0.000000] BRK [0x13b56e000, 0x13b56efff] PGTABLE
Aug 29 19:38:16 audist-Veriton-M200-H81 kernel: [    0.000000] RAMDISK: [mem 0x30dd9000-0x346e3fff]
Aug 29 19:38:16 audist-Veriton-M200-H81 kernel: [    0.000000] ACPI: Early table checksum verification disabled
Aug 29 19:38:16 audist-Veriton-M200-H81 kernel: [    0.000000] ACPI: RSDP 0x00000000000F0490 000024 (v02 ACRSYS)
Aug 29 19:38:16 audist-Veriton-M200-H81 kernel: [    0.000000] ACPI: XSDT 0x00000000CD397088 00008C (v01 ACRSYS ACRPRDCT 01072009 AMI  00010013)
Aug 29 19:38:16 audist-Veriton-M200-H81 kernel: [    0.000000] ACPI: FACP 0x00000000CD3A3C80 00010C (v05 ACRSYS ACRPRDCT 01072009 AMI  00010013)
Aug 29 19:38:16 audist-Veriton-M200-H81 kernel: [    0.000000] ACPI: DSDT 0x00000000CD3971A0 00CADA (v02 ACRSYS ACRPRDCT 00000028 INTL 20120711)
Aug 29 19:38:16 audist-Veriton-M200-H81 kernel: [    0.000000] ACPI: FACS 0x00000000CDA11080 000040
Aug 29 19:38:16 audist-Veriton-M200-H81 kernel: [    0.000000] ACPI: APIC 0x00000000CD3A3D90 000092 (v03 ACRSYS ACRPRDCT 01072009 AMI  00010013)
Aug 29 19:38:16 audist-Veriton-M200-H81 kernel: [    0.000000] ACPI: FPDT 0x00000000CD3A3E28 000044 (v01 ACRSYS ACRPRDCT 01072009 AMI  00010013)
Aug 29 19:38:16 audist-Veriton-M200-H81 kernel: [    0.000000] ACPI: ASF! 0x00000000CD3A3E70 0000A5 (v32 ACRSYS ACRPRDCT 00000001 TFSM 000F4240)
Aug 29 19:38:16 audist-Veriton-M200-H81 kernel: [    0.000000] ACPI: MSDM 0x00000000CD3A3F18 000055 (v03 ACRSYS ACRPRDCT 01072009 AMI  00010013)
Aug 29 19:38:16 audist-Veriton-M200-H81 kernel: [    0.000000] ACPI: LPIT 0x00000000CD3A3F70 00005C (v01 ACRSYS ACRPRDCT 00000000 AMI. 00000005)
Aug 29 19:38:16 audist-Veriton-M200-H81 kernel: [    0.000000] ACPI: SLIC 0x00000000CD3A3FD0 000176 (v01 ACRSYS ACRPRDCT 01072009 AMI  00010013)
Aug 29 19:38:16 audist-Veriton-M200-H81 kernel: [    0.000000] ACPI: SSDT 0x00000000CD3A4148 000AD8 (v01 ACRSYS ACRPRDCT 00003000 INTL 20120711)
Aug 29 19:38:16 audist-Veriton-M200-H81 kernel: [    0.000000] ACPI: MCFG 0x00000000CD3A4C20 00003C (v01 ACRSYS ACRPRDCT 01072009 MSFT 00000097)
Aug 29 19:38:16 audist-Veriton-M200-H81 kernel: [    0.000000] ACPI: HPET 0x00000000CD3A4C60 000038 (v01 ACRSYS ACRPRDCT 01072009 AMI. 00000005)
Aug 29 19:38:16 audist-Veriton-M200-H81 kernel: [    0.000000] ACPI: SSDT 0x00000000CD3A4C98 00036D (v01 ACRSYS ACRPRDCT 00001000 INTL 20120711)
Aug 29 19:38:16 audist-Veriton-M200-H81 kernel: [    0.000000] ACPI: SSDT 0x00000000CD3A5008 003406 (v01 ACRSYS ACRPRDCT 00003000 INTL 20091112)
Aug 29 19:38:16 audist-Veriton-M200-H81 kernel: [    0.000000] ACPI: DMAR 0x00000000CD3A8410 0000B8 (v01 ACRSYS ACRPRDCT 00000001 INTL 00000001)
Aug 29 19:38:16 audist-Veriton-M200-H81 kernel: [    0.000000] ACPI: Local APIC address 0xfee00000
Aug 29 19:38:16 audist-Veriton-M200-H81 kernel: [    0.000000] No NUMA configuration found
Aug 29 19:38:16 audist-Veriton-M200-H81 kernel: [    0.000000] Faking a node at [mem 0x0000000000000000-0x000000021fdfffff]
Aug 29 19:38:16 audist-Veriton-M200-H81 kernel: [    0.000000] NODE_DATA(0) allocated [mem 0x21fdd5000-0x21fdfffff]
Aug 29 19:38:16 audist-Veriton-M200-H81 kernel: [    0.000000] tsc: Fast TSC calibration using PIT
Aug 29 19:38:16 audist-Veriton-M200-H81 kernel: [    0.000000] Zone ranges:
Aug 29 19:38:16 audist-Veriton-M200-H81 kernel: [    0.000000]   DMA      [mem 0x0000000000001000-0x0000000000ffffff]
Aug 29 19:38:16 audist-Veriton-M200-H81 kernel: [    0.000000]   DMA32    [mem 0x0000000001000000-0x00000000ffffffff]
Aug 29 19:38:16 audist-Veriton-M200-H81 kernel: [    0.000000]   Normal   [mem 0x0000000100000000-0x000000021fdfffff]
Aug 29 19:38:16 audist-Veriton-M200-H81 kernel: [    0.000000]   Device   empty
Aug 29 19:38:16 audist-Veriton-M200-H81 kernel: [    0.000000] Movable zone start for each node
Aug 29 19:38:16 audist-Veriton-M200-H81 kernel: [    0.000000] Early memory node ranges
Aug 29 19:38:16 audist-Veriton-M200-H81 kernel: [    0.000000]   node   0: [mem 0x0000000000001000-0x000000000009cfff]
Aug 29 19:38:16 audist-Veriton-M200-H81 kernel: [    0.000000]   node   0: [mem 0x0000000000100000-0x00000000bce87fff]
Aug 29 19:38:16 audist-Veriton-M200-H81 kernel: [    0.000000]   node   0: [mem 0x00000000bce8f000-0x00000000bd6dafff]
Aug 29 19:38:16 audist-Veriton-M200-H81 kernel: [    0.000000]   node   0: [mem 0x00000000bd92c000-0x00000000cd309fff]
Aug 29 19:38:16 audist-Veriton-M200-H81 kernel: [    0.000000]   node   0: [mem 0x00000000cdfff000-0x00000000cdffffff]
Aug 29 19:38:16 audist-Veriton-M200-H81 kernel: [    0.000000]   node   0: [mem 0x0000000100000000-0x000000021fdfffff]
Aug 29 19:38:16 audist-Veriton-M200-H81 kernel: [    0.000000] Reserved but unavailable: 12209 pages
Aug 29 19:38:16 audist-Veriton-M200-H81 kernel: [    0.000000] Initmem setup node 0 [mem 0x0000000000001000-0x000000021fdfffff]
Aug 29 19:38:16 audist-Veriton-M200-H81 kernel: [    0.000000] On node 0 totalpages: 2018895
Aug 29 19:38:16 audist-Veriton-M200-H81 kernel: [    0.000000]   DMA zone: 64 pages used for memmap
Aug 29 19:38:16 audist-Veriton-M200-H81 kernel: [    0.000000]   DMA zone: 21 pages reserved
Aug 29 19:38:16 audist-Veriton-M200-H81 kernel: [    0.000000]   DMA zone: 3996 pages, LIFO batch:0
Aug 29 19:38:16 audist-Veriton-M200-H81 kernel: [    0.000000]   DMA32 zone: 13059 pages used for memmap
Aug 29 19:38:16 audist-Veriton-M200-H81 kernel: [    0.000000]   DMA32 zone: 835763 pages, LIFO batch:31
Aug 29 19:38:16 audist-Veriton-M200-H81 kernel: [    0.000000]   Normal zone: 18424 pages used for memmap
Aug 29 19:38:16 audist-Veriton-M200-H81 kernel: [    0.000000]   Normal zone: 1179136 pages, LIFO batch:31
Aug 29 19:38:16 audist-Veriton-M200-H81 kernel: [    0.000000] Reserving Intel graphics memory at [mem 0xcf200000-0xdf1fffff]
Aug 29 19:38:16 audist-Veriton-M200-H81 kernel: [    0.000000] ACPI: PM-Timer IO Port: 0x1808
Aug 29 19:38:16 audist-Veriton-M200-H81 kernel: [    0.000000] ACPI: Local APIC address 0xfee00000
Aug 29 19:38:16 audist-Veriton-M200-H81 kernel: [    0.000000] ACPI: LAPIC_NMI (acpi_id[0xff] high edge lint[0x1])
Aug 29 19:38:16 audist-Veriton-M200-H81 kernel: [    0.000000] IOAPIC[0]: apic_id 2, version 32, address 0xfec00000, GSI 0-23
Aug 29 19:38:16 audist-Veriton-M200-H81 kernel: [    0.000000] ACPI: INT_SRC_OVR (bus 0 bus_irq 0 global_irq 2 dfl dfl)
Aug 29 19:38:16 audist-Veriton-M200-H81 kernel: [    0.000000] ACPI: INT_SRC_OVR (bus 0 bus_irq 9 global_irq 9 high level)
Aug 29 19:38:16 audist-Veriton-M200-H81 kernel: [    0.000000] ACPI: IRQ0 used by override.
Aug 29 19:38:16 audist-Veriton-M200-H81 kernel: [    0.000000] ACPI: IRQ9 used by override.
Aug 29 19:38:16 audist-Veriton-M200-H81 kernel: [    0.000000] Using ACPI (MADT) for SMP configuration information
Aug 29 19:38:16 audist-Veriton-M200-H81 kernel: [    0.000000] ACPI: HPET id: 0x8086a701 base: 0xfed00000
Aug 29 19:38:16 audist-Veriton-M200-H81 kernel: [    0.000000] smpboot: Allowing 8 CPUs, 0 hotplug CPUs
Aug 29 19:38:16 audist-Veriton-M200-H81 kernel: [    0.000000] PM: Registered nosave memory: [mem 0x00000000-0x00000fff]
Aug 29 19:38:16 audist-Veriton-M200-H81 kernel: [    0.000000] PM: Registered nosave memory: [mem 0x0009d000-0x0009dfff]
Aug 29 19:38:16 audist-Veriton-M200-H81 kernel: [    0.000000] PM: Registered nosave memory: [mem 0x0009e000-0x0009ffff]
Aug 29 19:38:16 audist-Veriton-M200-H81 kernel: [    0.000000] PM: Registered nosave memory: [mem 0x000a0000-0x000dffff]
Aug 29 19:38:16 audist-Veriton-M200-H81 kernel: [    0.000000] PM: Registered nosave memory: [mem 0x000e0000-0x000fffff]
Aug 29 19:38:16 audist-Veriton-M200-H81 kernel: [    0.000000] PM: Registered nosave memory: [mem 0xbce88000-0xbce8efff]
Aug 29 19:38:16 audist-Veriton-M200-H81 kernel: [    0.000000] PM: Registered nosave memory: [mem 0xbd6db000-0xbd92bfff]
Aug 29 19:38:16 audist-Veriton-M200-H81 kernel: [    0.000000] PM: Registered nosave memory: [mem 0xcd30a000-0xcd392fff]
Aug 29 19:38:16 audist-Veriton-M200-H81 kernel: [    0.000000] PM: Registered nosave memory: [mem 0xcd393000-0xcd3a8fff]
Aug 29 19:38:16 audist-Veriton-M200-H81 kernel: [    0.000000] PM: Registered nosave memory: [mem 0xcd3a9000-0xcda12fff]
Aug 29 19:38:16 audist-Veriton-M200-H81 kernel: [    0.000000] PM: Registered nosave memory: [mem 0xcda13000-0xcdffefff]
Aug 29 19:38:16 audist-Veriton-M200-H81 kernel: [    0.000000] PM: Registered nosave memory: [mem 0xce000000-0xceffffff]
Aug 29 19:38:16 audist-Veriton-M200-H81 kernel: [    0.000000] PM: Registered nosave memory: [mem 0xcf000000-0xdf1fffff]
Aug 29 19:38:16 audist-Veriton-M200-H81 kernel: [    0.000000] PM: Registered nosave memory: [mem 0xdf200000-0xf7ffffff]
Aug 29 19:38:16 audist-Veriton-M200-H81 kernel: [    0.000000] PM: Registered nosave memory: [mem 0xf8000000-0xfbffffff]
Aug 29 19:38:16 audist-Veriton-M200-H81 kernel: [    0.000000] PM: Registered nosave memory: [mem 0xfc000000-0xfebfffff]
Aug 29 19:38:16 audist-Veriton-M200-H81 kernel: [    0.000000] PM: Registered nosave memory: [mem 0xfec00000-0xfec00fff]
Aug 29 19:38:16 audist-Veriton-M200-H81 kernel: [    0.000000] PM: Registered nosave memory: [mem 0xfec01000-0xfecfffff]
Aug 29 19:38:16 audist-Veriton-M200-H81 kernel: [    0.000000] PM: Registered nosave memory: [mem 0xfed00000-0xfed03fff]
Aug 29 19:38:16 audist-Veriton-M200-H81 kernel: [    0.000000] PM: Registered nosave memory: [mem 0xfed04000-0xfed1bfff]
Aug 29 19:38:16 audist-Veriton-M200-H81 kernel: [    0.000000] PM: Registered nosave memory: [mem 0xfed1c000-0xfed1ffff]
Aug 29 19:38:16 audist-Veriton-M200-H81 kernel: [    0.000000] PM: Registered nosave memory: [mem 0xfed20000-0xfedfffff]
Aug 29 19:38:16 audist-Veriton-M200-H81 kernel: [    0.000000] PM: Registered nosave memory: [mem 0xfee00000-0xfee00fff]
Aug 29 19:38:16 audist-Veriton-M200-H81 kernel: [    0.000000] PM: Registered nosave memory: [mem 0xfee01000-0xfeffffff]
Aug 29 19:38:16 audist-Veriton-M200-H81 kernel: [    0.000000] PM: Registered nosave memory: [mem 0xff000000-0xffffffff]
Aug 29 19:38:16 audist-Veriton-M200-H81 kernel: [    0.000000] [mem 0xdf200000-0xf7ffffff] available for PCI devices
Aug 29 19:38:16 audist-Veriton-M200-H81 kernel: [    0.000000] Booting paravirtualized kernel on bare hardware
Aug 29 19:38:16 audist-Veriton-M200-H81 kernel: [    0.000000] clocksource: refined-jiffies: mask: 0xffffffff max_cycles: 0xffffffff, max_idle_ns: 7645519600211568 ns
Aug 29 19:38:16 audist-Veriton-M200-H81 kernel: [    0.000000] random: get_random_bytes called from start_kernel+0x99/0x55a with crng_init=0
Aug 29 19:38:16 audist-Veriton-M200-H81 kernel: [    0.000000] setup_percpu: NR_CPUS:8192 nr_cpumask_bits:8 nr_cpu_ids:8 nr_node_ids:1
Aug 29 19:38:16 audist-Veriton-M200-H81 kernel: [    0.000000] percpu: Embedded 46 pages/cpu @(____ptrval____) s151552 r8192 d28672 u262144
Aug 29 19:38:16 audist-Veriton-M200-H81 kernel: [    0.000000] pcpu-alloc: s151552 r8192 d28672 u262144 alloc=1*2097152
Aug 29 19:38:16 audist-Veriton-M200-H81 kernel: [    0.000000] pcpu-alloc: [0] 0 1 2 3 4 5 6 7 
Aug 29 19:38:16 audist-Veriton-M200-H81 kernel: [    0.000000] Built 1 zonelists, mobility grouping on.  Total pages: 1987327
Aug 29 19:38:16 audist-Veriton-M200-H81 kernel: [    0.000000] Policy zone: Normal
Aug 29 19:38:16 audist-Veriton-M200-H81 kernel: [    0.000000] Kernel command line: BOOT_IMAGE=/boot/vmlinuz-4.18.0-25-generic root=UUID=e3629bcc-047f-4dc2-bd57-7052b9a736e8 ro quiet splash vt.handoff=1
Aug 29 19:38:16 audist-Veriton-M200-H81 kernel: [    0.000000] Calgary: detecting Calgary via BIOS EBDA area
Aug 29 19:38:16 audist-Veriton-M200-H81 kernel: [    0.000000] Calgary: Unable to locate Rio Grande table in EBDA - bailing!
Aug 29 19:38:16 audist-Veriton-M200-H81 kernel: [    0.000000] Memory: 7794364K/8075580K available (12300K kernel code, 2633K rwdata, 4380K rodata, 2464K init, 2340K bss, 281216K reserved, 0K cma-reserved)
Aug 29 19:38:16 audist-Veriton-M200-H81 kernel: [    0.000000] SLUB: HWalign=64, Order=0-3, MinObjects=0, CPUs=8, Nodes=1
Aug 29 19:38:16 audist-Veriton-M200-H81 kernel: [    0.000000] Kernel/User page tables isolation: enabled
Aug 29 19:38:16 audist-Veriton-M200-H81 kernel: [    0.000000] ftrace: allocating 40828 entries in 160 pages
Aug 29 19:38:16 audist-Veriton-M200-H81 kernel: [    0.000000] Hierarchical RCU implementation.
Aug 29 19:38:16 audist-Veriton-M200-H81 kernel: [    0.000000] 	RCU restricting CPUs from NR_CPUS=8192 to nr_cpu_ids=8.
Aug 29 19:38:16 audist-Veriton-M200-H81 kernel: [    0.000000] 	Tasks RCU enabled.
Aug 29 19:38:16 audist-Veriton-M200-H81 kernel: [    0.000000] RCU: Adjusting geometry for rcu_fanout_leaf=16, nr_cpu_ids=8
Aug 29 19:38:16 audist-Veriton-M200-H81 kernel: [    0.000000] NR_IRQS: 524544, nr_irqs: 488, preallocated irqs: 16
Aug 29 19:38:16 audist-Veriton-M200-H81 kernel: [    0.000000] vt handoff: transparent VT on vt#1
Aug 29 19:38:16 audist-Veriton-M200-H81 kernel: [    0.000000] Console: colour VGA+ 80x25
Aug 29 19:38:16 audist-Veriton-M200-H81 kernel: [    0.000000] console [tty0] enabled
Aug 29 19:38:16 audist-Veriton-M200-H81 kernel: [    0.000000] ACPI: Core revision 20180531
Aug 29 19:38:16 audist-Veriton-M200-H81 kernel: [    0.000000] clocksource: hpet: mask: 0xffffffff max_cycles: 0xffffffff, max_idle_ns: 133484882848 ns
Aug 29 19:38:16 audist-Veriton-M200-H81 kernel: [    0.000000] hpet clockevent registered
Aug 29 19:38:16 audist-Veriton-M200-H81 kernel: [    0.000000] APIC: Switch to symmetric I/O mode setup
Aug 29 19:38:16 audist-Veriton-M200-H81 kernel: [    0.000000] DMAR: Host address width 39
Aug 29 19:38:16 audist-Veriton-M200-H81 kernel: [    0.000000] DMAR: DRHD base: 0x000000fed90000 flags: 0x0
Aug 29 19:38:16 audist-Veriton-M200-H81 kernel: [    0.000000] DMAR: dmar0: reg_base_addr fed90000 ver 1:0 cap c0000020660462 ecap f0101a
Aug 29 19:38:16 audist-Veriton-M200-H81 kernel: [    0.000000] DMAR: DRHD base: 0x000000fed91000 flags: 0x1
Aug 29 19:38:16 audist-Veriton-M200-H81 kernel: [    0.000000] DMAR: dmar1: reg_base_addr fed91000 ver 1:0 cap d2008020660462 ecap f010da
Aug 29 19:38:16 audist-Veriton-M200-H81 kernel: [    0.000000] DMAR: RMRR base: 0x000000cdea2000 end: 0x000000cdeb0fff
Aug 29 19:38:16 audist-Veriton-M200-H81 kernel: [    0.000000] DMAR: RMRR base: 0x000000cf000000 end: 0x000000df1fffff
Aug 29 19:38:16 audist-Veriton-M200-H81 kernel: [    0.000000] DMAR-IR: IOAPIC id 2 under DRHD base  0xfed91000 IOMMU 1
Aug 29 19:38:16 audist-Veriton-M200-H81 kernel: [    0.000000] DMAR-IR: HPET id 0 under DRHD base 0xfed91000
Aug 29 19:38:16 audist-Veriton-M200-H81 kernel: [    0.000000] DMAR-IR: Queued invalidation will be enabled to support x2apic and Intr-remapping.
Aug 29 19:38:16 audist-Veriton-M200-H81 kernel: [    0.000000] DMAR-IR: Enabled IRQ remapping in x2apic mode
Aug 29 19:38:16 audist-Veriton-M200-H81 kernel: [    0.000000] x2apic enabled
Aug 29 19:38:16 audist-Veriton-M200-H81 kernel: [    0.000000] Switched APIC routing to cluster x2apic.
Aug 29 19:38:16 audist-Veriton-M200-H81 kernel: [    0.000000] ..TIMER: vector=0x30 apic1=0 pin1=2 apic2=-1 pin2=-1
Aug 29 19:38:16 audist-Veriton-M200-H81 kernel: [    0.020000] tsc: Fast TSC calibration using PIT
Aug 29 19:38:16 audist-Veriton-M200-H81 kernel: [    0.024000] tsc: Detected 3392.161 MHz processor
Aug 29 19:38:16 audist-Veriton-M200-H81 kernel: [    0.024000] clocksource: tsc-early: mask: 0xffffffffffffffff max_cycles: 0x30e561d538b, max_idle_ns: 440795306776 ns
Aug 29 19:38:16 audist-Veriton-M200-H81 kernel: [    0.024000] Calibrating delay loop (skipped), value calculated using timer frequency.. 6784.32 BogoMIPS (lpj=13568644)
Aug 29 19:38:16 audist-Veriton-M200-H81 kernel: [    0.024000] pid_max: default: 32768 minimum: 301
Aug 29 19:38:16 audist-Veriton-M200-H81 kernel: [    0.024000] Security Framework initialized
Aug 29 19:38:16 audist-Veriton-M200-H81 kernel: [    0.024000] Yama: becoming mindful.
Aug 29 19:38:16 audist-Veriton-M200-H81 kernel: [    0.024000] AppArmor: AppArmor initialized
Aug 29 19:38:16 audist-Veriton-M200-H81 kernel: [    0.024000] Dentry cache hash table entries: 1048576 (order: 11, 8388608 bytes)
Aug 29 19:38:16 audist-Veriton-M200-H81 kernel: [    0.024000] Inode-cache hash table entries: 524288 (order: 10, 4194304 bytes)
Aug 29 19:38:16 audist-Veriton-M200-H81 kernel: [    0.024000] Mount-cache hash table entries: 16384 (order: 5, 131072 bytes)
Aug 29 19:38:16 audist-Veriton-M200-H81 kernel: [    0.024000] Mountpoint-cache hash table entries: 16384 (order: 5, 131072 bytes)
Aug 29 19:38:16 audist-Veriton-M200-H81 kernel: [    0.024000] ENERGY_PERF_BIAS: Set to 'normal', was 'performance'
Aug 29 19:38:16 audist-Veriton-M200-H81 kernel: [    0.024000] ENERGY_PERF_BIAS: View and update with x86_energy_perf_policy(8)
Aug 29 19:38:16 audist-Veriton-M200-H81 kernel: [    0.024000] mce: CPU supports 9 MCE banks
Aug 29 19:38:16 audist-Veriton-M200-H81 kernel: [    0.024000] CPU0: Thermal monitoring enabled (TM1)
Aug 29 19:38:16 audist-Veriton-M200-H81 kernel: [    0.024000] process: using mwait in idle threads
Aug 29 19:38:16 audist-Veriton-M200-H81 kernel: [    0.024000] Last level iTLB entries: 4KB 1024, 2MB 1024, 4MB 1024
Aug 29 19:38:16 audist-Veriton-M200-H81 kernel: [    0.024000] Last level dTLB entries: 4KB 1024, 2MB 1024, 4MB 1024, 1GB 4
Aug 29 19:38:16 audist-Veriton-M200-H81 kernel: [    0.024000] Spectre V2 : Mitigation: Full generic retpoline
Aug 29 19:38:16 audist-Veriton-M200-H81 kernel: [    0.024000] Spectre V2 : Spectre v2 / SpectreRSB mitigation: Filling RSB on context switch
Aug 29 19:38:16 audist-Veriton-M200-H81 kernel: [    0.024000] Spectre V2 : Enabling Restricted Speculation for firmware calls
Aug 29 19:38:16 audist-Veriton-M200-H81 kernel: [    0.024000] Spectre V2 : mitigation: Enabling conditional Indirect Branch Prediction Barrier
Aug 29 19:38:16 audist-Veriton-M200-H81 kernel: [    0.024000] Spectre V2 : User space: Mitigation: STIBP via seccomp and prctl
Aug 29 19:38:16 audist-Veriton-M200-H81 kernel: [    0.024000] Speculative Store Bypass: Mitigation: Speculative Store Bypass disabled via prctl and seccomp
Aug 29 19:38:16 audist-Veriton-M200-H81 kernel: [    0.024000] MDS: Mitigation: Clear CPU buffers
Aug 29 19:38:16 audist-Veriton-M200-H81 kernel: [    0.030707] Freeing SMP alternatives memory: 36K
Aug 29 19:38:16 audist-Veriton-M200-H81 kernel: [    0.031674] TSC deadline timer enabled
Aug 29 19:38:16 audist-Veriton-M200-H81 kernel: [    0.031677] smpboot: CPU0: Intel(R) Core(TM) i7-4770 CPU @ 3.40GHz (family: 0x6, model: 0x3c, stepping: 0x3)
Aug 29 19:38:16 audist-Veriton-M200-H81 kernel: [    0.031734] Performance Events: PEBS fmt2+, Haswell events, 16-deep LBR, full-width counters, Intel PMU driver.
Aug 29 19:38:16 audist-Veriton-M200-H81 kernel: [    0.031764] ... version:                3
Aug 29 19:38:16 audist-Veriton-M200-H81 kernel: [    0.031764] ... bit width:              48
Aug 29 19:38:16 audist-Veriton-M200-H81 kernel: [    0.031765] ... generic registers:      4
Aug 29 19:38:16 audist-Veriton-M200-H81 kernel: [    0.031765] ... value mask:             0000ffffffffffff
Aug 29 19:38:16 audist-Veriton-M200-H81 kernel: [    0.031766] ... max period:             00007fffffffffff
Aug 29 19:38:16 audist-Veriton-M200-H81 kernel: [    0.031766] ... fixed-purpose events:   3
Aug 29 19:38:16 audist-Veriton-M200-H81 kernel: [    0.031766] ... event mask:             000000070000000f
Aug 29 19:38:16 audist-Veriton-M200-H81 kernel: [    0.031788] Hierarchical SRCU implementation.
Aug 29 19:38:16 audist-Veriton-M200-H81 kernel: [    0.032000] NMI watchdog: Enabled. Permanently consumes one hw-PMU counter.
Aug 29 19:38:16 audist-Veriton-M200-H81 kernel: [    0.032000] smp: Bringing up secondary CPUs ...
Aug 29 19:38:16 audist-Veriton-M200-H81 kernel: [    0.032000] x86: Booting SMP configuration:
Aug 29 19:38:16 audist-Veriton-M200-H81 kernel: [    0.032000] .... node  #0, CPUs:      #1 #2 #3 #4
Aug 29 19:38:16 audist-Veriton-M200-H81 kernel: [    0.033435] MDS CPU bug present and SMT on, data leak possible. See https://www.kernel.org/doc/html/latest/admin-guide/hw-vuln/mds.html for more details.
Aug 29 19:38:16 audist-Veriton-M200-H81 kernel: [    0.033435]  #5 #6 #7
Aug 29 19:38:16 audist-Veriton-M200-H81 kernel: [    0.033435] smp: Brought up 1 node, 8 CPUs
Aug 29 19:38:16 audist-Veriton-M200-H81 kernel: [    0.033435] smpboot: Max logical packages: 1
Aug 29 19:38:16 audist-Veriton-M200-H81 kernel: [    0.033435] smpboot: Total of 8 processors activated (54274.57 BogoMIPS)
Aug 29 19:38:16 audist-Veriton-M200-H81 kernel: [    0.036214] devtmpfs: initialized
Aug 29 19:38:16 audist-Veriton-M200-H81 kernel: [    0.036214] x86/mm: Memory block size: 128MB
Aug 29 19:38:16 audist-Veriton-M200-H81 kernel: [    0.036444] PM: Registering ACPI NVS region [mem 0xbce88000-0xbce8efff] (28672 bytes)
Aug 29 19:38:16 audist-Veriton-M200-H81 kernel: [    0.036444] PM: Registering ACPI NVS region [mem 0xcd3a9000-0xcda12fff] (6725632 bytes)
Aug 29 19:38:16 audist-Veriton-M200-H81 kernel: [    0.036444] clocksource: jiffies: mask: 0xffffffff max_cycles: 0xffffffff, max_idle_ns: 7645041785100000 ns
Aug 29 19:38:16 audist-Veriton-M200-H81 kernel: [    0.036444] futex hash table entries: 2048 (order: 5, 131072 bytes)
Aug 29 19:38:16 audist-Veriton-M200-H81 kernel: [    0.036444] pinctrl core: initialized pinctrl subsystem
Aug 29 19:38:16 audist-Veriton-M200-H81 kernel: [    0.036444] RTC time: 14:08:02, date: 08/29/19
Aug 29 19:38:16 audist-Veriton-M200-H81 kernel: [    0.036444] NET: Registered protocol family 16
Aug 29 19:38:16 audist-Veriton-M200-H81 kernel: [    0.036444] audit: initializing netlink subsys (disabled)
Aug 29 19:38:16 audist-Veriton-M200-H81 kernel: [    0.036444] audit: type=2000 audit(1567087682.036:1): state=initialized audit_enabled=0 res=1
Aug 29 19:38:16 audist-Veriton-M200-H81 kernel: [    0.036444] cpuidle: using governor ladder
Aug 29 19:38:16 audist-Veriton-M200-H81 kernel: [    0.036444] cpuidle: using governor menu
Aug 29 19:38:16 audist-Veriton-M200-H81 kernel: [    0.036444] ACPI: bus type PCI registered
Aug 29 19:38:16 audist-Veriton-M200-H81 kernel: [    0.036444] acpiphp: ACPI Hot Plug PCI Controller Driver version: 0.5
Aug 29 19:38:16 audist-Veriton-M200-H81 kernel: [    0.036444] PCI: MMCONFIG for domain 0000 [bus 00-3f] at [mem 0xf8000000-0xfbffffff] (base 0xf8000000)
Aug 29 19:38:16 audist-Veriton-M200-H81 kernel: [    0.036444] PCI: MMCONFIG at [mem 0xf8000000-0xfbffffff] reserved in E820
Aug 29 19:38:16 audist-Veriton-M200-H81 kernel: [    0.036444] PCI: Using configuration type 1 for base access
Aug 29 19:38:16 audist-Veriton-M200-H81 kernel: [    0.036444] core: PMU erratum BJ122, BV98, HSD29 worked around, HT is on
Aug 29 19:38:16 audist-Veriton-M200-H81 kernel: [    0.036842] HugeTLB registered 1.00 GiB page size, pre-allocated 0 pages
Aug 29 19:38:16 audist-Veriton-M200-H81 kernel: [    0.036842] HugeTLB registered 2.00 MiB page size, pre-allocated 0 pages
Aug 29 19:38:16 audist-Veriton-M200-H81 kernel: [    0.036842] ACPI: Added _OSI(Module Device)
Aug 29 19:38:16 audist-Veriton-M200-H81 kernel: [    0.036842] ACPI: Added _OSI(Processor Device)
Aug 29 19:38:16 audist-Veriton-M200-H81 kernel: [    0.036842] ACPI: Added _OSI(3.0 _SCP Extensions)
Aug 29 19:38:16 audist-Veriton-M200-H81 kernel: [    0.036842] ACPI: Added _OSI(Processor Aggregator Device)
Aug 29 19:38:16 audist-Veriton-M200-H81 kernel: [    0.036842] ACPI: Added _OSI(Linux-Dell-Video)
Aug 29 19:38:16 audist-Veriton-M200-H81 kernel: [    0.036842] ACPI: Added _OSI(Linux-Lenovo-NV-HDMI-Audio)
Aug 29 19:38:16 audist-Veriton-M200-H81 kernel: [    0.045393] ACPI: 4 ACPI AML tables successfully acquired and loaded
Aug 29 19:38:16 audist-Veriton-M200-H81 kernel: [    0.045393] ACPI: [Firmware Bug]: BIOS _OSI(Linux) query ignored
Aug 29 19:38:16 audist-Veriton-M200-H81 kernel: [    0.045747] ACPI: Dynamic OEM Table Load:
Aug 29 19:38:16 audist-Veriton-M200-H81 kernel: [    0.045751] ACPI: SSDT 0xFFFF9BB6D5F78C00 0003D3 (v01 PmRef  Cpu0Cst  00003001 INTL 20120711)
Aug 29 19:38:16 audist-Veriton-M200-H81 kernel: [    0.048240] ACPI: Dynamic OEM Table Load:
Aug 29 19:38:16 audist-Veriton-M200-H81 kernel: [    0.048243] ACPI: SSDT 0xFFFF9BB6D5ED0800 000119 (v01 PmRef  ApCst    00003000 INTL 20120711)
Aug 29 19:38:16 audist-Veriton-M200-H81 kernel: [    0.048370] ACPI: Interpreter enabled
Aug 29 19:38:16 audist-Veriton-M200-H81 kernel: [    0.048370] ACPI: (supports S0 S3 S4 S5)
Aug 29 19:38:16 audist-Veriton-M200-H81 kernel: [    0.048370] ACPI: Using IOAPIC for interrupt routing
Aug 29 19:38:16 audist-Veriton-M200-H81 kernel: [    0.048370] PCI: Using host bridge windows from ACPI; if necessary, use "pci=nocrs" and report a bug
Aug 29 19:38:16 audist-Veriton-M200-H81 kernel: [    0.048370] ACPI: Enabled 10 GPEs in block 00 to 3F
Aug 29 19:38:16 audist-Veriton-M200-H81 kernel: [    0.056328] ACPI: Power Resource [FN00] (off)
Aug 29 19:38:16 audist-Veriton-M200-H81 kernel: [    0.056384] ACPI: Power Resource [FN01] (off)
Aug 29 19:38:16 audist-Veriton-M200-H81 kernel: [    0.056442] ACPI: Power Resource [FN02] (off)
Aug 29 19:38:16 audist-Veriton-M200-H81 kernel: [    0.056496] ACPI: Power Resource [FN03] (off)
Aug 29 19:38:16 audist-Veriton-M200-H81 kernel: [    0.056550] ACPI: Power Resource [FN04] (off)
Aug 29 19:38:16 audist-Veriton-M200-H81 kernel: [    0.057185] ACPI: PCI Root Bridge [PCI0] (domain 0000 [bus 00-3e])
Aug 29 19:38:16 audist-Veriton-M200-H81 kernel: [    0.057189] acpi PNP0A08:00: _OSC: OS supports [ExtendedConfig ASPM ClockPM Segments MSI]
Aug 29 19:38:16 audist-Veriton-M200-H81 kernel: [    0.057755] acpi PNP0A08:00: _OSC: OS now controls [PCIeHotplug SHPCHotplug PME AER PCIeCapability LTR]
Aug 29 19:38:16 audist-Veriton-M200-H81 kernel: [    0.059921] PCI host bridge to bus 0000:00
Aug 29 19:38:16 audist-Veriton-M200-H81 kernel: [    0.059923] pci_bus 0000:00: root bus resource [io  0x0000-0x0cf7 window]
Aug 29 19:38:16 audist-Veriton-M200-H81 kernel: [    0.059923] pci_bus 0000:00: root bus resource [io  0x0d00-0xffff window]
Aug 29 19:38:16 audist-Veriton-M200-H81 kernel: [    0.059924] pci_bus 0000:00: root bus resource [mem 0x000a0000-0x000bffff window]
Aug 29 19:38:16 audist-Veriton-M200-H81 kernel: [    0.059925] pci_bus 0000:00: root bus resource [mem 0x000d0000-0x000d3fff window]
Aug 29 19:38:16 audist-Veriton-M200-H81 kernel: [    0.059926] pci_bus 0000:00: root bus resource [mem 0x000d4000-0x000d7fff window]
Aug 29 19:38:16 audist-Veriton-M200-H81 kernel: [    0.059927] pci_bus 0000:00: root bus resource [mem 0x000d8000-0x000dbfff window]
Aug 29 19:38:16 audist-Veriton-M200-H81 kernel: [    0.059928] pci_bus 0000:00: root bus resource [mem 0x000dc000-0x000dffff window]
Aug 29 19:38:16 audist-Veriton-M200-H81 kernel: [    0.059929] pci_bus 0000:00: root bus resource [mem 0x000e0000-0x000e3fff window]
Aug 29 19:38:16 audist-Veriton-M200-H81 kernel: [    0.059929] pci_bus 0000:00: root bus resource [mem 0x000e4000-0x000e7fff window]
Aug 29 19:38:16 audist-Veriton-M200-H81 kernel: [    0.059930] pci_bus 0000:00: root bus resource [mem 0xdf200000-0xfeafffff window]
Aug 29 19:38:16 audist-Veriton-M200-H81 kernel: [    0.059931] pci_bus 0000:00: root bus resource [bus 00-3e]
Aug 29 19:38:16 audist-Veriton-M200-H81 kernel: [    0.059937] pci 0000:00:00.0: [8086:0c00] type 00 class 0x060000
Aug 29 19:38:16 audist-Veriton-M200-H81 kernel: [    0.064006] pci 0000:00:02.0: [8086:0412] type 00 class 0x030000
Aug 29 19:38:16 audist-Veriton-M200-H81 kernel: [    0.064014] pci 0000:00:02.0: reg 0x10: [mem 0xf7800000-0xf7bfffff 64bit]
Aug 29 19:38:16 audist-Veriton-M200-H81 kernel: [    0.064018] pci 0000:00:02.0: reg 0x18: [mem 0xe0000000-0xefffffff 64bit pref]
Aug 29 19:38:16 audist-Veriton-M200-H81 kernel: [    0.064021] pci 0000:00:02.0: reg 0x20: [io  0xf000-0xf03f]
Aug 29 19:38:16 audist-Veriton-M200-H81 kernel: [    0.064084] pci 0000:00:03.0: [8086:0c0c] type 00 class 0x040300
Aug 29 19:38:16 audist-Veriton-M200-H81 kernel: [    0.064091] pci 0000:00:03.0: reg 0x10: [mem 0xf7d14000-0xf7d17fff 64bit]
Aug 29 19:38:16 audist-Veriton-M200-H81 kernel: [    0.064170] pci 0000:00:14.0: [8086:8c31] type 00 class 0x0c0330
Aug 29 19:38:16 audist-Veriton-M200-H81 kernel: [    0.064188] pci 0000:00:14.0: reg 0x10: [mem 0xf7d00000-0xf7d0ffff 64bit]
Aug 29 19:38:16 audist-Veriton-M200-H81 kernel: [    0.064238] pci 0000:00:14.0: PME# supported from D3hot D3cold
Aug 29 19:38:16 audist-Veriton-M200-H81 kernel: [    0.064296] pci 0000:00:16.0: [8086:8c3a] type 00 class 0x078000
Aug 29 19:38:16 audist-Veriton-M200-H81 kernel: [    0.064314] pci 0000:00:16.0: reg 0x10: [mem 0xf7d1e000-0xf7d1e00f 64bit]
Aug 29 19:38:16 audist-Veriton-M200-H81 kernel: [    0.064367] pci 0000:00:16.0: PME# supported from D0 D3hot D3cold
Aug 29 19:38:16 audist-Veriton-M200-H81 kernel: [    0.064429] pci 0000:00:1a.0: [8086:8c2d] type 00 class 0x0c0320
Aug 29 19:38:16 audist-Veriton-M200-H81 kernel: [    0.064448] pci 0000:00:1a.0: reg 0x10: [mem 0xf7d1c000-0xf7d1c3ff]
Aug 29 19:38:16 audist-Veriton-M200-H81 kernel: [    0.064519] pci 0000:00:1a.0: PME# supported from D0 D3hot D3cold
Aug 29 19:38:16 audist-Veriton-M200-H81 kernel: [    0.064580] pci 0000:00:1b.0: [8086:8c20] type 00 class 0x040300
Aug 29 19:38:16 audist-Veriton-M200-H81 kernel: [    0.064596] pci 0000:00:1b.0: reg 0x10: [mem 0xf7d10000-0xf7d13fff 64bit]
Aug 29 19:38:16 audist-Veriton-M200-H81 kernel: [    0.064655] pci 0000:00:1b.0: PME# supported from D0 D3hot D3cold
Aug 29 19:38:16 audist-Veriton-M200-H81 kernel: [    0.064712] pci 0000:00:1c.0: [8086:8c10] type 01 class 0x060400
Aug 29 19:38:16 audist-Veriton-M200-H81 kernel: [    0.064774] pci 0000:00:1c.0: PME# supported from D0 D3hot D3cold
Aug 29 19:38:16 audist-Veriton-M200-H81 kernel: [    0.064879] pci 0000:00:1c.3: [8086:8c16] type 01 class 0x060400
Aug 29 19:38:16 audist-Veriton-M200-H81 kernel: [    0.064941] pci 0000:00:1c.3: PME# supported from D0 D3hot D3cold
Aug 29 19:38:16 audist-Veriton-M200-H81 kernel: [    0.065043] pci 0000:00:1d.0: [8086:8c26] type 00 class 0x0c0320
Aug 29 19:38:16 audist-Veriton-M200-H81 kernel: [    0.065062] pci 0000:00:1d.0: reg 0x10: [mem 0xf7d1b000-0xf7d1b3ff]
Aug 29 19:38:16 audist-Veriton-M200-H81 kernel: [    0.065134] pci 0000:00:1d.0: PME# supported from D0 D3hot D3cold
Aug 29 19:38:16 audist-Veriton-M200-H81 kernel: [    0.065196] pci 0000:00:1f.0: [8086:8c5c] type 00 class 0x060100
Aug 29 19:38:16 audist-Veriton-M200-H81 kernel: [    0.065340] pci 0000:00:1f.2: [8086:8c02] type 00 class 0x010601
Aug 29 19:38:16 audist-Veriton-M200-H81 kernel: [    0.065353] pci 0000:00:1f.2: reg 0x10: [io  0xf0b0-0xf0b7]
Aug 29 19:38:16 audist-Veriton-M200-H81 kernel: [    0.065360] pci 0000:00:1f.2: reg 0x14: [io  0xf0a0-0xf0a3]
Aug 29 19:38:16 audist-Veriton-M200-H81 kernel: [    0.065365] pci 0000:00:1f.2: reg 0x18: [io  0xf090-0xf097]
Aug 29 19:38:16 audist-Veriton-M200-H81 kernel: [    0.065372] pci 0000:00:1f.2: reg 0x1c: [io  0xf080-0xf083]
Aug 29 19:38:16 audist-Veriton-M200-H81 kernel: [    0.065378] pci 0000:00:1f.2: reg 0x20: [io  0xf060-0xf07f]
Aug 29 19:38:16 audist-Veriton-M200-H81 kernel: [    0.065384] pci 0000:00:1f.2: reg 0x24: [mem 0xf7d1a000-0xf7d1a7ff]
Aug 29 19:38:16 audist-Veriton-M200-H81 kernel: [    0.065413] pci 0000:00:1f.2: PME# supported from D3hot
Aug 29 19:38:16 audist-Veriton-M200-H81 kernel: [    0.065466] pci 0000:00:1f.3: [8086:8c22] type 00 class 0x0c0500
Aug 29 19:38:16 audist-Veriton-M200-H81 kernel: [    0.065482] pci 0000:00:1f.3: reg 0x10: [mem 0xf7d19000-0xf7d190ff 64bit]
Aug 29 19:38:16 audist-Veriton-M200-H81 kernel: [    0.065498] pci 0000:00:1f.3: reg 0x20: [io  0xf040-0xf05f]
Aug 29 19:38:16 audist-Veriton-M200-H81 kernel: [    0.065651] pci 0000:01:00.0: [1283:8892] type 01 class 0x060401
Aug 29 19:38:16 audist-Veriton-M200-H81 kernel: [    0.066026] pci 0000:01:00.0: supports D1 D2
Aug 29 19:38:16 audist-Veriton-M200-H81 kernel: [    0.066027] pci 0000:01:00.0: PME# supported from D0 D1 D2 D3hot D3cold
Aug 29 19:38:16 audist-Veriton-M200-H81 kernel: [    0.066115] pci 0000:00:1c.0: PCI bridge to [bus 01-02]
Aug 29 19:38:16 audist-Veriton-M200-H81 kernel: [    0.066174] pci_bus 0000:02: extended config space not accessible
Aug 29 19:38:16 audist-Veriton-M200-H81 kernel: [    0.066265] pci 0000:01:00.0: PCI bridge to [bus 02] (subtractive decode)
Aug 29 19:38:16 audist-Veriton-M200-H81 kernel: [    0.066361] pci 0000:03:00.0: [10ec:8168] type 00 class 0x020000
Aug 29 19:38:16 audist-Veriton-M200-H81 kernel: [    0.066390] pci 0000:03:00.0: reg 0x10: [io  0xe000-0xe0ff]
Aug 29 19:38:16 audist-Veriton-M200-H81 kernel: [    0.066415] pci 0000:03:00.0: reg 0x18: [mem 0xf7c00000-0xf7c00fff 64bit]
Aug 29 19:38:16 audist-Veriton-M200-H81 kernel: [    0.066432] pci 0000:03:00.0: reg 0x20: [mem 0xf0000000-0xf0003fff 64bit pref]
Aug 29 19:38:16 audist-Veriton-M200-H81 kernel: [    0.066524] pci 0000:03:00.0: supports D1 D2
